Archive member included to satisfy reference by file (symbol)

/net/cremi/rdruon/devkitpro/portlibs/armv6k/lib/libgif.a(egif_lib.o)
                              gif.o (EGifOpenFileName)
/net/cremi/rdruon/devkitpro/portlibs/armv6k/lib/libgif.a(gif_hash.o)
                              /net/cremi/rdruon/devkitpro/portlibs/armv6k/lib/libgif.a(egif_lib.o) (_InitHashTable)
/net/cremi/rdruon/devkitpro/portlibs/armv6k/lib/libgif.a(gifalloc.o)
                              gif.o (GifMakeMapObject)
/net/cremi/rdruon/devkitpro/libctru/lib/libctru.a(os.o)
                              gui.o (osGetTime)
/net/cremi/rdruon/devkitpro/libctru/lib/libctru.a(srv.o)
                              main.o (srvExit)
/net/cremi/rdruon/devkitpro/libctru/lib/libctru.a(gfx.o)
                              main.o (gfxInitDefault)
/net/cremi/rdruon/devkitpro/libctru/lib/libctru.a(gsp.o)
                              /net/cremi/rdruon/devkitpro/libctru/lib/libctru.a(gfx.o) (gspInit)
/net/cremi/rdruon/devkitpro/libctru/lib/libctru.a(hid.o)
                              main.o (hidExit)
/net/cremi/rdruon/devkitpro/libctru/lib/libctru.a(apt.o)
                              main.o (aptInit)
/net/cremi/rdruon/devkitpro/libctru/lib/libctru.a(ptm.o)
                              /net/cremi/rdruon/devkitpro/libctru/lib/libctru.a(os.o) (ptmSysmInit)
/net/cremi/rdruon/devkitpro/libctru/lib/libctru.a(gx.o)
                              /net/cremi/rdruon/devkitpro/libctru/lib/libctru.a(gfx.o) (gxCmdBuf)
/net/cremi/rdruon/devkitpro/libctru/lib/libctru.a(fs.o)
                              main.o (fsInit)
/net/cremi/rdruon/devkitpro/libctru/lib/libctru.a(initSystem.o)
                              /net/cremi/rdruon/devkitpro/libctru/lib/libctru.a(apt.o) (__system_retAddr)
/net/cremi/rdruon/devkitpro/libctru/lib/libctru.a(allocateHeaps.o)
                              /net/cremi/rdruon/devkitpro/libctru/lib/libctru.a(initSystem.o) (__system_allocateHeaps)
/net/cremi/rdruon/devkitpro/libctru/lib/libctru.a(initArgv.o)
                              /net/cremi/rdruon/devkitpro/libctru/lib/libctru.a(initSystem.o) (__system_initArgv)
/net/cremi/rdruon/devkitpro/libctru/lib/libctru.a(svc.o)
                              /net/cremi/rdruon/devkitpro/libctru/lib/libctru.a(allocateHeaps.o) (svcControlMemory)
/net/cremi/rdruon/devkitpro/libctru/lib/libctru.a(stack_adjust.o)
                              /autofs/netapp/account/cremi/rdruon/devkitpro/devkitARM/bin/../lib/gcc/arm-none-eabi/4.9.2/../../../../arm-none-eabi/lib/armv6k/fpu/3dsx_crt0.o (initSystem)
/net/cremi/rdruon/devkitpro/libctru/lib/libctru.a(vram.o)
                              /net/cremi/rdruon/devkitpro/libctru/lib/libctru.a(gfx.o) (vramAlloc)
/net/cremi/rdruon/devkitpro/libctru/lib/libctru.a(mappable.o)
                              /net/cremi/rdruon/devkitpro/libctru/lib/libctru.a(gfx.o) (mappableAlloc)
/net/cremi/rdruon/devkitpro/libctru/lib/libctru.a(linear.o)
                              /net/cremi/rdruon/devkitpro/libctru/lib/libctru.a(gfx.o) (linearAlloc)
/net/cremi/rdruon/devkitpro/libctru/lib/libctru.a(mem_pool.o)
                              /net/cremi/rdruon/devkitpro/libctru/lib/libctru.a(vram.o) (MemPool::Allocate(MemChunk&, unsigned long, int))
/net/cremi/rdruon/devkitpro/libctru/lib/libctru.a(irrst.o)
                              /net/cremi/rdruon/devkitpro/libctru/lib/libctru.a(hid.o) (irrstScanInput)
/net/cremi/rdruon/devkitpro/libctru/lib/libctru.a(rbtree_init.o)
                              /net/cremi/rdruon/devkitpro/libctru/lib/libctru.a(vram.o) (rbtree_init)
/net/cremi/rdruon/devkitpro/libctru/lib/libctru.a(rbtree_insert.o)
                              /net/cremi/rdruon/devkitpro/libctru/lib/libctru.a(vram.o) (rbtree_insert)
/net/cremi/rdruon/devkitpro/libctru/lib/libctru.a(rbtree_rotate.o)
                              /net/cremi/rdruon/devkitpro/libctru/lib/libctru.a(rbtree_insert.o) (rbtree_rotate)
/net/cremi/rdruon/devkitpro/libctru/lib/libctru.a(rbtree_remove.o)
                              /net/cremi/rdruon/devkitpro/libctru/lib/libctru.a(vram.o) (rbtree_remove)
/net/cremi/rdruon/devkitpro/libctru/lib/libctru.a(rbtree_find.o)
                              /net/cremi/rdruon/devkitpro/libctru/lib/libctru.a(vram.o) (rbtree_find)
/net/cremi/rdruon/devkitpro/libctru/lib/libctru.a(appInit.o)
                              /net/cremi/rdruon/devkitpro/libctru/lib/libctru.a(stack_adjust.o) (__appInit)
/net/cremi/rdruon/devkitpro/libctru/lib/libctru.a(appExit.o)
                              /net/cremi/rdruon/devkitpro/libctru/lib/libctru.a(stack_adjust.o) (__appExit)
/net/cremi/rdruon/devkitpro/libctru/lib/libctru.a(ctru_exit.o)
                              /net/cremi/rdruon/devkitpro/libctru/lib/libctru.a(stack_adjust.o) (__libctru_exit)
/net/cremi/rdruon/devkitpro/libctru/lib/libctru.a(sdmc_dev.o)
                              /net/cremi/rdruon/devkitpro/libctru/lib/libctru.a(appInit.o) (sdmcInit)
/net/cremi/rdruon/devkitpro/libctru/lib/libctru.a(rbtree_iterator.o)
[...]
Memory Configuration

Name             Origin             Length             Attributes
*default*        0x0000000000000000 0xffffffffffffffff

Linker script and memory map

                0x0000000000100000                . = 0x100000
                0x0000000000100000                __start__ = .

.text           0x0000000000100000    0x1ed34
 *(.crt0)
 .crt0          0x0000000000100000       0x94 /autofs/netapp/account/cremi/rdruon/devkitpro/devkitARM/bin/../lib/gcc/arm-none-eabi/4.9.2/../../../../arm-none-eabi/lib/armv6k/fpu/3dsx_crt0.o
                0x0000000000100000                _start
                0x0000000000100008                __service_ptr
                0x000000000010000c                __apt_appid
                0x0000000000100010                __heap_size
                0x0000000000100014                __linear_heap_size
                0x0000000000100018                __system_arglist
                0x000000000010001c                __system_runflags
 *(.init)
 .init          0x0000000000100094        0xc /autofs/netapp/account/cremi/rdruon/devkitpro/devkitARM/bin/../lib/gcc/arm-none-eabi/4.9.2/armv6k/fpu/crti.o
                0x0000000000100094                _init
 .init          0x00000000001000a0        0xc /autofs/netapp/account/cremi/rdruon/devkitpro/devkitARM/bin/../lib/gcc/arm-none-eabi/4.9.2/armv6k/fpu/crtn.o
                0x00000000001000ac                . = ALIGN (0x4)
 *(.text)
 .text          0x00000000001000ac        0x0 /autofs/netapp/account/cremi/rdruon/devkitpro/devkitARM/bin/../lib/gcc/arm-none-eabi/4.9.2/../../../../arm-none-eabi/lib/armv6k/fpu/3dsx_crt0.o
 .text          0x00000000001000ac        0x0 /autofs/netapp/account/cremi/rdruon/devkitpro/devkitARM/bin/../lib/gcc/arm-none-eabi/4.9.2/armv6k/fpu/crti.o
 .text          0x00000000001000ac      0x108 /autofs/netapp/account/cremi/rdruon/devkitpro/devkitARM/bin/../lib/gcc/arm-none-eabi/4.9.2/armv6k/fpu/crtbegin.o
 .text          0x00000000001001b4        0x0 POP.bin.o
 .text          0x00000000001001b4      0x130 mem.o
                0x00000000001001b4                MemAlloc
                0x00000000001001c0                MemFree
                0x00000000001001c4                VRAM_Init
                0x00000000001001d8                VRAM_Alloc
                0x0000000000100288                VRAM_Free
 .text          0x00000000001002e4      0xb1c draw.o
                0x00000000001002e4                clearScreen
                0x0000000000100334                drawPixel
                0x000000000010035c                drawChar
                0x00000000001003d8                drawLine
                0x0000000000100508                drawRect
                0x00000000001005bc                drawFillRect
                0x000000000010064c                drawCircleCircum
                0x00000000001008c0                drawCircle
                0x0000000000100968                drawFillCircle
                0x0000000000100a34                drawCharacter
                0x0000000000100c2c                drawString
                0x0000000000100d04                gfxDrawText
                0x0000000000100d68                smoothDrawing
 .text          0x0000000000100e00        0x0 font.o
 .text          0x0000000000100e00      0x1a0 main.o
                0x0000000000100e00                saveDrawing
 .text          0x0000000000100fa0      0xf74 app.o
                0x0000000000100fa0                writeToArray
                0x0000000000101084                writeToScreen
                0x00000000001010e0                variableReset
                0x0000000000101134                app
                0x0000000000101b70                printGUI
 .text          0x0000000000101f14        0x0 font1.o
 .text          0x0000000000101f14      0x270 gif.o
                0x0000000000101f14                closeGIF
                0x0000000000101f38                initGIF
                0x0000000000101fd4                save_GIF
 .text          0x0000000000102184       0x4c input.o
                0x0000000000102184                getInput
 .text          0x00000000001021d0     0x15bc gui.o
                0x00000000001021d0                guiTopPaint
                0x0000000000102668                guiTopMenu
                0x00000000001028cc                guiBottomPaintAnimation
                0x0000000000102a10                guiBottomPaint
                0x0000000000102e68                guiBottomMenu
                0x00000000001031e0                guiClock
                0x0000000000103308                guiPopup
                0x0000000000103598                guiDebug
 .text          0x000000000010378c       0xe0 rendering.o
                0x000000000010378c                getFB
                0x00000000001037e4                clearTop
                0x000000000010383c                clearBottom
 .text          0x000000000010386c        0x0 /net/cremi/rdruon/devkitpro/portlibs/armv6k/lib/libgif.a(egif_lib.o)
 .text          0x000000000010386c        0x0 /net/cremi/rdruon/devkitpro/portlibs/armv6k/lib/libgif.a(gif_hash.o)
 .text          0x000000000010386c        0x0 /net/cremi/rdruon/devkitpro/portlibs/armv6k/lib/libgif.a(gifalloc.o)
 *fill*         0x000000000010386c        0x4 
 .text          0x0000000000103870      0x2d0 /net/cremi/rdruon/devkitpro/libctru/lib/libctru.a(os.o)
                0x00000000001038c8                osConvertVirtToPhys
                0x0000000000103914                osConvertOldLINEARMemToNew
                0x0000000000103934                __libctru_gtod
                0x0000000000103a2c                osGetTime
                0x0000000000103aa0                osGetFirmVersion
                0x0000000000103ab4                osGetKernelVersion
                0x0000000000103ac8                osStrError
                0x0000000000103ae8                osGetWifiStrength
                0x0000000000103af8                __ctru_speedup_config
                0x0000000000103b2c                osSetSpeedupEnable
 .text          0x0000000000103b40      0x3b8 /net/cremi/rdruon/devkitpro/libctru/lib/libctru.a(srv.o)
                0x0000000000103b40                __get_handle_from_list
                0x0000000000103bd8                __destroy_handle_list
                0x0000000000103c2c                srvExit
                0x0000000000103c54                srvGetSessionHandle
                0x0000000000103c60                srvRegisterClient
                0x0000000000103c98                srvInit
                0x0000000000103d00                srvGetServiceHandle
                0x0000000000103d80                srvRegisterService
                0x0000000000103ddc                srvUnregisterService
                0x0000000000103e28                srvPmInit
                0x0000000000103e7c                srvRegisterProcess
                0x0000000000103ec4                srvUnregisterProcess
 .text          0x0000000000103ef8      0x748 /net/cremi/rdruon/devkitpro/libctru/lib/libctru.a(gfx.o)
                0x0000000000103f84                gfxSet3D
                0x0000000000103f94                gfxSetScreenFormat
                0x0000000000103fac                gfxGetScreenFormat
                0x0000000000103fc4                gfxSetDoubleBuffering
                0x0000000000103fd8                gfxSetFramebufferInfo
                0x0000000000104048                gfxWriteFramebufferInfo
                0x000000000010410c                gfxInit
                0x00000000001042ec                gfxInitDefault
                0x00000000001042fc                gfxExit
                0x00000000001043e4                gfxGetFramebuffer
                0x0000000000104494                gfxFlushBuffers
                0x0000000000104570                gfxSwapBuffers
                0x00000000001045e4                gfxSwapBuffersGpu
 .text          0x0000000000104640      0x934 /net/cremi/rdruon/devkitpro/libctru/lib/libctru.a(gsp.o)
                0x0000000000104724                gspInit
                0x0000000000104738                gspExit
                0x0000000000104750                gspInitEventHandler
                0x000000000010481c                gspExitEventHandler
                0x0000000000104874                gspWaitForEvent
                0x00000000001048cc                GSPGPU_WriteHWRegs
                0x000000000010493c                GSPGPU_WriteHWRegsWithMask
                0x00000000001049c8                GSPGPU_ReadHWRegs
                0x0000000000104a38                GSPGPU_SetBufferSwap
                0x0000000000104aac                GSPGPU_FlushDataCache
                0x0000000000104b00                GSPGPU_InvalidateDataCache
                0x0000000000104b54                GSPGPU_SetLcdForceBlack
                0x0000000000104b90                GSPGPU_TriggerCmdReqQueue
                0x0000000000104bc4                GSPGPU_RegisterInterruptRelayQueue
                0x0000000000104c30                GSPGPU_UnregisterInterruptRelayQueue
                0x0000000000104c64                GSPGPU_AcquireRight
                0x0000000000104cb4                GSPGPU_ReleaseRight
                0x0000000000104ce8                GSPGPU_ImportDisplayCaptureInfo
                0x0000000000104d6c                GSPGPU_SaveVramSysArea
                0x0000000000104da0                GSPGPU_RestoreVramSysArea
                0x0000000000104dd4                GSPGPU_SubmitGxCommand
                0x0000000000104ee0                gspLcdInit
                0x0000000000104ef4                gspLcdExit
                0x0000000000104f0c                GSPLCD_PowerOffBacklight
                0x0000000000104f40                GSPLCD_PowerOnBacklight
 .text          0x0000000000104f74      0x754 /net/cremi/rdruon/devkitpro/libctru/lib/libctru.a(hid.o)
                0x0000000000104f74                hidExit
                0x0000000000105044                hidWaitForEvent
                0x000000000010509c                hidCheckSectionUpdateTime
                0x00000000001050d8                hidScanInput
                0x0000000000105320                hidKeysHeld
                0x0000000000105330                hidKeysDown
                0x0000000000105340                hidKeysUp
                0x0000000000105350                hidTouchRead
                0x0000000000105368                hidCircleRead
                0x0000000000105380                hidAccelRead
                0x00000000001053a0                hidGyroRead
                0x00000000001053c0                HIDUSER_GetHandles
                0x0000000000105450                hidInit
                0x00000000001055a4                HIDUSER_EnableAccelerometer
                0x00000000001055d0                HIDUSER_DisableAccelerometer
                0x00000000001055fc                HIDUSER_EnableGyroscope
                0x0000000000105628                HIDUSER_DisableGyroscope
                0x0000000000105654                HIDUSER_GetGyroscopeRawToDpsCoefficient
                0x0000000000105690                HIDUSER_GetSoundVolume
 .text          0x00000000001056c8     0x1e3c /net/cremi/rdruon/devkitpro/libctru/lib/libctru.a(apt.o)
                0x000000000010572c                _aptDebug
                0x0000000000105730                aptInitCaptureInfo
                0x00000000001057e0                aptWaitStatusEvent
                0x0000000000105808                aptHook
                0x0000000000105840                aptUnhook
                0x000000000010586c                aptGetStatus
                0x00000000001058a4                aptSetStatus
                0x0000000000105914                aptGetStatusPower
                0x000000000010594c                aptSetStatusPower
                0x0000000000105984                aptOpenSession
                0x00000000001059a8                aptCloseSession
                0x00000000001059d0                aptSignalReadyForSleep
                0x00000000001059e0                APT_GetLockHandle
                0x0000000000105a30                APT_Initialize
                0x0000000000105a98                APT_Finalize
                0x0000000000105ad4                APT_HardwareResetAsync
                0x0000000000105b08                APT_Enable
                0x0000000000105b44                APT_GetAppletManInfo
                0x0000000000105bc4                aptGetMenuAppID
                0x0000000000105c00                APT_GetAppletInfo
                0x0000000000105c98                APT_GetAppletProgramInfo
                0x0000000000105cec                APT_GetProgramID
                0x0000000000105d5c                APT_IsRegistered
                0x0000000000105dac                APT_InquireNotification
                0x0000000000105dfc                APT_PrepareToJumpToHomeMenu
                0x0000000000105e30                APT_JumpToHomeMenu
                0x0000000000105e80                APT_PrepareToJumpToApplication
                0x0000000000105ebc                APT_JumpToApplication
                0x0000000000105f0c                APT_NotifyToWait
                0x0000000000105f48                APT_AppletUtility
                0x0000000000105fd0                aptAppletUtility_Exit_RetToApp
                0x00000000001060f0                aptAppletClosed
                0x0000000000106200                aptInit
                0x00000000001063c8                APT_GlanceParameter
                0x000000000010643c                APT_ReceiveParameter
                0x00000000001064b0                APT_SendParameter
                0x0000000000106520                APT_SendCaptureBufferInfo
                0x000000000010656c                aptReturnToMenu
                0x0000000000106740                APT_ReplySleepQuery
                0x0000000000106780                APT_ReplySleepNotificationComplete
                0x00000000001067bc                aptEventHandler
                0x0000000000106ac0                APT_PrepareToCloseApplication
                0x0000000000106afc                APT_CloseApplication
                0x0000000000106b54                aptExit
                0x0000000000106d40                APT_SetAppCpuTimeLimit
                0x0000000000106d84                APT_GetAppCpuTimeLimit
                0x0000000000106dd8                APT_CheckNew3DS_Application
                0x0000000000106e34                APT_CheckNew3DS_System
                0x0000000000106e90                APT_CheckNew3DS
                0x0000000000106f04                APT_PrepareToDoAppJump
                0x0000000000106f50                APT_DoAppJump
                0x0000000000106fb8                APT_PrepareToStartLibraryApplet
                0x0000000000106ff4                APT_StartLibraryApplet
                0x0000000000107054                aptAppletStarted
                0x0000000000107158                aptMainLoop
                0x00000000001072d0                APT_LaunchLibraryApplet
                0x0000000000107468                APT_PrepareToStartSystemApplet
                0x00000000001074a4                APT_StartSystemApplet
 .text          0x0000000000107504      0x1bc /net/cremi/rdruon/devkitpro/libctru/lib/libctru.a(ptm.o)
                0x0000000000107504                ptmInit
                0x0000000000107518                ptmExit
                0x0000000000107528                ptmSysmInit
                0x000000000010753c                ptmSysmExit
                0x000000000010754c                PTMU_GetShellState
                0x000000000010758c                PTMU_GetBatteryLevel
                0x00000000001075cc                PTMU_GetBatteryChargeState
                0x000000000010760c                PTMU_GetPedometerState
                0x000000000010764c                PTMU_GetTotalStepCount
                0x000000000010768c                PTMSYSM_ConfigureNew3DSCPU
 .text          0x00000000001076c0      0x264 /net/cremi/rdruon/devkitpro/libctru/lib/libctru.a(gx.o)
                0x00000000001076c0                GX_RequestDma
                0x0000000000107714                GX_SetCommandList_Last
                0x000000000010777c                GX_SetMemoryFill
                0x00000000001077f0                GX_SetDisplayTransfer
                0x0000000000107854                GX_SetTextureCopy
                0x00000000001078bc                GX_SetCommandList_First
 .text          0x0000000000107924      0xcd4 /net/cremi/rdruon/devkitpro/libctru/lib/libctru.a(fs.o)
                0x0000000000107924                FS_makePath
                0x0000000000107950                fsExit
                0x0000000000107974                fsGetSessionHandle
                0x0000000000107980                FSUSER_Initialize
                0x00000000001079f4                fsInit
                0x0000000000107a60                FSUSER_OpenFile
                0x0000000000107b0c                FSUSER_OpenFileDirectly
                0x0000000000107bd8                FSUSER_DeleteFile
                0x0000000000107c60                FSUSER_RenameFile
                0x0000000000107d24                FSUSER_DeleteDirectory
                0x0000000000107dac                FSUSER_DeleteDirectoryRecursively
                0x0000000000107e34                FSUSER_CreateFile
                0x0000000000107ecc                FSUSER_CreateDirectory
                0x0000000000107f58                FSUSER_RenameDirectory
                0x000000000010801c                FSUSER_OpenDirectory
                0x00000000001080b0                FSUSER_OpenArchive
                0x0000000000108138                FSUSER_CloseArchive
                0x0000000000108190                FSUSER_GetSdmcArchiveResource
                0x000000000010820c                FSUSER_GetNandArchiveResource
                0x0000000000108288                FSUSER_IsSdmcDetected
                0x00000000001082d4                FSUSER_GetMediaType
                0x0000000000108320                FSUSER_IsSdmcWritable
                0x000000000010836c                FSFILE_Close
                0x00000000001083b0                FSFILE_Read
                0x000000000010840c                FSFILE_Write
                0x0000000000108470                FSFILE_GetSize
                0x00000000001084b0                FSFILE_SetSize
                0x00000000001084dc                FSFILE_GetAttributes
                0x0000000000108514                FSFILE_SetAttributes
                0x000000000010853c                FSFILE_Flush
                0x0000000000108560                FSDIR_Read
                0x00000000001085b4                FSDIR_Close
 .text          0x00000000001085f8       0x4c /net/cremi/rdruon/devkitpro/libctru/lib/libctru.a(initSystem.o)
                0x00000000001085f8                __libctru_init
 .text          0x0000000000108644       0xa4 /net/cremi/rdruon/devkitpro/libctru/lib/libctru.a(allocateHeaps.o)
                0x0000000000108644                __system_allocateHeaps
 .text          0x00000000001086e8       0xf4 /net/cremi/rdruon/devkitpro/libctru/lib/libctru.a(initArgv.o)
                0x00000000001086e8                __system_initArgv
 *fill*         0x00000000001087dc        0x4 
 .text          0x00000000001087e0      0x460 /net/cremi/rdruon/devkitpro/libctru/lib/libctru.a(svc.o)
                0x00000000001087e0                svcControlMemory
                0x0000000000108800                svcQueryMemory
                0x0000000000108830                svcExitProcess
                0x0000000000108838                svcCreateThread
                0x0000000000108858                svcExitThread
                0x0000000000108860                svcSleepThread
                0x0000000000108868                svcGetThreadPriority
                0x000000000010887c                svcSetThreadPriority
                0x0000000000108884                svcGetThreadAffinityMask
                0x000000000010888c                svcSetThreadAffinityMask
                0x0000000000108894                svcGetThreadIdealProcessor
                0x00000000001088a8                svcSetThreadIdealProcessor
                0x00000000001088b0                svcGetProcessorID
                0x00000000001088b8                svcCreateMutex
                0x00000000001088cc                svcReleaseMutex
                0x00000000001088d4                svcCreateSemaphore
                0x00000000001088e8                svcReleaseSemaphore
                0x00000000001088fc                svcCreateEvent
                0x0000000000108910                svcSignalEvent
                0x0000000000108918                svcClearEvent
                0x0000000000108920                svcCreateTimer
                0x0000000000108934                svcSetTimer
                0x000000000010893c                svcCancelTimer
                0x0000000000108944                svcClearTimer
                0x000000000010894c                svcCreateMemoryBlock
                0x0000000000108964                svcMapMemoryBlock
                0x000000000010896c                svcUnmapMemoryBlock
                0x0000000000108974                svcCreateAddressArbiter
                0x0000000000108988                svcArbitrateAddress
                0x00000000001089a8                svcCloseHandle
                0x00000000001089b0                svcWaitSynchronization
                0x00000000001089b8                svcWaitSynchronizationN
                0x00000000001089e0                svcDuplicateHandle
                0x00000000001089f4                svcGetSystemTick
                0x00000000001089fc                svcGetSystemInfo
                0x0000000000108a14                svcGetProcessInfo
                0x0000000000108a2c                svcGetThreadInfo
                0x0000000000108a44                svcConnectToPort
                0x0000000000108a58                svcSendSyncRequest
                0x0000000000108a60                svcOpenProcess
                0x0000000000108a74                svcOpenThread
                0x0000000000108a88                svcGetProcessId
                0x0000000000108a9c                svcGetProcessIdOfThread
                0x0000000000108ab0                svcGetThreadId
                0x0000000000108ac4                svcBreak
                0x0000000000108acc                svcOutputDebugString
                0x0000000000108ad4                svcCreatePort
                0x0000000000108af4                svcAcceptSession
                0x0000000000108b0c                svcReplyAndReceive
                0x0000000000108b24                svcInvalidateProcessDataCache
                0x0000000000108b2c                svcFlushProcessDataCache
                0x0000000000108b34                svcStartInterProcessDma
                0x0000000000108b54                svcStopDma
                0x0000000000108b5c                svcGetDmaState
                0x0000000000108b70                svcDebugActiveProcess
                0x0000000000108b84                svcBreakDebugProcess
                0x0000000000108b8c                svcTerminateDebugProcess
                0x0000000000108b94                svcGetProcessDebugEvent
                0x0000000000108b9c                svcContinueDebugEvent
                0x0000000000108ba4                svcGetProcessList
                0x0000000000108bc4                svcReadProcessMemory
                0x0000000000108bcc                svcWriteProcessMemory
                0x0000000000108bd4                svcControlProcessMemory
                0x0000000000108bec                svcMapProcessMemory
                0x0000000000108bf4                svcUnmapProcessMemory
                0x0000000000108bfc                svcTerminateProcess
                0x0000000000108c04                svcBackdoor
                0x0000000000108c0c                svcKernelSetState
                0x0000000000108c14                svcQueryProcessMemory
 .text          0x0000000000108c40       0x64 /net/cremi/rdruon/devkitpro/libctru/lib/libctru.a(stack_adjust.o)
                0x0000000000108c40                initSystem
                0x0000000000108c84                __ctru_exit
 .text          0x0000000000108ca4      0x1c4 /net/cremi/rdruon/devkitpro/libctru/lib/libctru.a(vram.o)
                0x0000000000108ccc                vramMemAlign
                0x0000000000108dfc                vramAlloc
                0x0000000000108e04                vramRealloc
                0x0000000000108e0c                vramFree
                0x0000000000108e5c                vramSpaceFree
 .text          0x0000000000108e68      0x178 /net/cremi/rdruon/devkitpro/libctru/lib/libctru.a(mappable.o)
                0x0000000000108e90                mappableAlloc
                0x0000000000108f84                mappableFree
                0x0000000000108fd4                mappableSpaceFree
 .text          0x0000000000108fe0      0x1d4 /net/cremi/rdruon/devkitpro/libctru/lib/libctru.a(linear.o)
                0x0000000000109008                linearMemAlign
                0x0000000000109148                linearAlloc
                0x0000000000109150                linearRealloc
                0x0000000000109158                linearFree
                0x00000000001091a8                linearSpaceFree
 .text          0x00000000001091b4      0x35c /net/cremi/rdruon/devkitpro/libctru/lib/libctru.a(mem_pool.o)
                0x00000000001091b4                MemPool::CoalesceRight(MemBlock*)
                0x0000000000109254                MemPool::Allocate(MemChunk&, unsigned long, int)
                0x00000000001093dc                MemPool::Deallocate(MemChunk const&)
                0x00000000001094e0                MemPool::GetFreeSpace()
 .text          0x0000000000109510      0x3c0 /net/cremi/rdruon/devkitpro/libctru/lib/libctru.a(irrst.o)
                0x0000000000109510                irrstWaitForEvent
                0x000000000010955c                irrstCheckSectionUpdateTime
                0x0000000000109598                irrstScanInput
                0x000000000010964c                irrstKeysHeld
                0x0000000000109664                irrstCstickRead
                0x000000000010967c                IRRST_GetHandles
                0x00000000001096cc                IRRST_Initialize
                0x0000000000109704                irrstInit
                0x0000000000109804                IRRST_Shutdown
                0x0000000000109830                irrstExit
 .text          0x00000000001098d0       0x14 /net/cremi/rdruon/devkitpro/libctru/lib/libctru.a(rbtree_init.o)
                0x00000000001098d0                rbtree_init
 .text          0x00000000001098e4      0x1f4 /net/cremi/rdruon/devkitpro/libctru/lib/libctru.a(rbtree_insert.o)
                0x0000000000109ac8                rbtree_insert
                0x0000000000109ad0                rbtree_insert_multi
 .text          0x0000000000109ad8       0xac /net/cremi/rdruon/devkitpro/libctru/lib/libctru.a(rbtree_rotate.o)
                0x0000000000109ad8                rbtree_rotate
 .text          0x0000000000109b84      0x340 /net/cremi/rdruon/devkitpro/libctru/lib/libctru.a(rbtree_remove.o)
                0x0000000000109b84                rbtree_remove
 .text          0x0000000000109ec4       0x70 /net/cremi/rdruon/devkitpro/libctru/lib/libctru.a(rbtree_find.o)
                0x0000000000109ec4                rbtree_find
 .text          0x0000000000109f34       0x1c /net/cremi/rdruon/devkitpro/libctru/lib/libctru.a(appInit.o)
                0x0000000000109f34                __appInit
 .text          0x0000000000109f50       0x1c /net/cremi/rdruon/devkitpro/libctru/lib/libctru.a(appExit.o)
                0x0000000000109f50                __appExit
 .text          0x0000000000109f6c       0x90 /net/cremi/rdruon/devkitpro/libctru/lib/libctru.a(ctru_exit.o)
                0x0000000000109f6c                __libctru_exit
 .text          0x0000000000109ffc      0xffc /net/cremi/rdruon/devkitpro/libctru/lib/libctru.a(sdmc_dev.o)
                0x000000000010ae78                sdmcInit
                0x000000000010afa8                sdmcExit
 .text          0x000000000010aff8      0x118 /net/cremi/rdruon/devkitpro/libctru/lib/libctru.a(rbtree_iterator.o)
                0x000000000010aff8                rbtree_node_next
                0x000000000010b084                rbtree_node_prev
 .text          0x000000000010b110       0xe8 /net/cremi/rdruon/devkitpro/libctru/lib/libctru.a(utf16_to_utf8.o)
                0x000000000010b110                utf16_to_utf8
 .text          0x000000000010b1f8       0x60 /net/cremi/rdruon/devkitpro/libctru/lib/libctru.a(decode_utf16.o)
                0x000000000010b1f8                decode_utf16
 .text          0x000000000010b258      0x138 /net/cremi/rdruon/devkitpro/libctru/lib/libctru.a(decode_utf8.o)
                0x000000000010b258                decode_utf8
 .text          0x000000000010b390       0xb8 /net/cremi/rdruon/devkitpro/libctru/lib/libctru.a(utf8_to_utf16.o)
                0x000000000010b390                utf8_to_utf16
 .text          0x000000000010b448       0x68 /net/cremi/rdruon/devkitpro/libctru/lib/libctru.a(encode_utf16.o)
                0x000000000010b448                encode_utf16
 .text          0x000000000010b4b0      0x104 /net/cremi/rdruon/devkitpro/libctru/lib/libctru.a(encode_utf8.o)
                0x000000000010b4b0                encode_utf8
 .text          0x000000000010b5b4      0x240 /autofs/netapp/account/cremi/rdruon/devkitpro/devkitARM/bin/../lib/gcc/arm-none-eabi/4.9.2/armv6k/fpu/libgcc.a(_divsi3.o)
                0x000000000010b5b4                __aeabi_idiv
                0x000000000010b5b4                __divsi3
                0x000000000010b7d4                __aeabi_idivmod
 .text          0x000000000010b7f4        0x4 /autofs/netapp/account/cremi/rdruon/devkitpro/devkitARM/bin/../lib/gcc/arm-none-eabi/4.9.2/armv6k/fpu/libgcc.a(_dvmd_tls.o)
                0x000000000010b7f4                __aeabi_ldiv0
                0x000000000010b7f4                __aeabi_idiv0
 .text          0x000000000010b7f8       0x3c /autofs/netapp/account/cremi/rdruon/devkitpro/devkitARM/bin/../lib/gcc/arm-none-eabi/4.9.2/armv6k/fpu/libgcc.a(_aeabi_uldivmod.o)
                0x000000000010b7f8                __aeabi_uldivmod
 .text          0x000000000010b834       0x78 /autofs/netapp/account/cremi/rdruon/devkitpro/devkitARM/bin/../lib/gcc/arm-none-eabi/4.9.2/armv6k/fpu/libgcc.a(bpabi.o)
                0x000000000010b834                __gnu_ldivmod_helper
                0x000000000010b870                __gnu_uldivmod_helper
 .text          0x000000000010b8ac      0x180 /autofs/netapp/account/cremi/rdruon/devkitpro/devkitARM/bin/../lib/gcc/arm-none-eabi/4.9.2/armv6k/fpu/libgcc.a(_divdi3.o)
                0x000000000010b8ac                __divdi3
 .text          0x000000000010ba2c      0x124 /autofs/netapp/account/cremi/rdruon/devkitpro/devkitARM/bin/../lib/gcc/arm-none-eabi/4.9.2/armv6k/fpu/libgcc.a(_udivdi3.o)
                0x000000000010ba2c                __udivdi3
 .text          0x000000000010bb50        0x0 /autofs/netapp/account/cremi/rdruon/devkitpro/devkitARM/bin/../lib/gcc/arm-none-eabi/4.9.2/../../../../arm-none-eabi/lib/armv6k/fpu/libg.a(lib_a-bsearch.o)
 .text          0x000000000010bb50        0x0 /autofs/netapp/account/cremi/rdruon/devkitpro/devkitARM/bin/../lib/gcc/arm-none-eabi/4.9.2/../../../../arm-none-eabi/lib/armv6k/fpu/libg.a(lib_a-calloc.o)
 .text          0x000000000010bb50        0x0 /autofs/netapp/account/cremi/rdruon/devkitpro/devkitARM/bin/../lib/gcc/arm-none-eabi/4.9.2/../../../../arm-none-eabi/lib/armv6k/fpu/libg.a(lib_a-callocr.o)
 .text          0x000000000010bb50        0x0 /autofs/netapp/account/cremi/rdruon/devkitpro/devkitARM/bin/../lib/gcc/arm-none-eabi/4.9.2/../../../../arm-none-eabi/lib/armv6k/fpu/libg.a(lib_a-fclose.o)
 .text          0x000000000010bb50        0x0 /autofs/netapp/account/cremi/rdruon/devkitpro/devkitARM/bin/../lib/gcc/arm-none-eabi/4.9.2/../../../../arm-none-eabi/lib/armv6k/fpu/libg.a(lib_a-fdopen.o)
 .text          0x000000000010bb50        0x0 /autofs/netapp/account/cremi/rdruon/devkitpro/devkitARM/bin/../lib/gcc/arm-none-eabi/4.9.2/../../../../arm-none-eabi/lib/armv6k/fpu/libg.a(lib_a-fflush.o)
 .text          0x000000000010bb50        0x0 /autofs/netapp/account/cremi/rdruon/devkitpro/devkitARM/bin/../lib/gcc/arm-none-eabi/4.9.2/../../../../arm-none-eabi/lib/armv6k/fpu/libg.a(lib_a-findfp.o)
 .text          0x000000000010bb50        0x0 /autofs/netapp/account/cremi/rdruon/devkitpro/devkitARM/bin/../lib/gcc/arm-none-eabi/4.9.2/../../../../arm-none-eabi/lib/armv6k/fpu/libg.a(lib_a-fini.o)
 .text          0x000000000010bb50        0x0 /autofs/netapp/account/cremi/rdruon/devkitpro/devkitARM/bin/../lib/gcc/arm-none-eabi/4.9.2/../../../../arm-none-eabi/lib/armv6k/fpu/libg.a(lib_a-flags.o)
 .text          0x000000000010bb50        0x0 /autofs/netapp/account/cremi/rdruon/devkitpro/devkitARM/bin/../lib/gcc/arm-none-eabi/4.9.2/../../../../arm-none-eabi/lib/armv6k/fpu/libg.a(lib_a-freer.o)
 .text          0x000000000010bb50        0x0 /autofs/netapp/account/cremi/rdruon/devkitpro/devkitARM/bin/../lib/gcc/arm-none-eabi/4.9.2/../../../../arm-none-eabi/lib/armv6k/fpu/libg.a(lib_a-fwalk.o)
 .text          0x000000000010bb50        0x0 /autofs/netapp/account/cremi/rdruon/devkitpro/devkitARM/bin/../lib/gcc/arm-none-eabi/4.9.2/../../../../arm-none-eabi/lib/armv6k/fpu/libg.a(lib_a-fwrite.o)
 .text          0x000000000010bb50        0x0 /autofs/netapp/account/cremi/rdruon/devkitpro/devkitARM/bin/../lib/gcc/arm-none-eabi/4.9.2/../../../../arm-none-eabi/lib/armv6k/fpu/libg.a(lib_a-impure.o)
 .text          0x000000000010bb50        0x0 /autofs/netapp/account/cremi/rdruon/devkitpro/devkitARM/bin/../lib/gcc/arm-none-eabi/4.9.2/../../../../arm-none-eabi/lib/armv6k/fpu/libg.a(lib_a-init.o)
 .text          0x000000000010bb50        0x0 /autofs/netapp/account/cremi/rdruon/devkitpro/devkitARM/bin/../lib/gcc/arm-none-eabi/4.9.2/../../../../arm-none-eabi/lib/armv6k/fpu/libg.a(lib_a-malign.o)
 .text          0x000000000010bb50        0x0 /autofs/netapp/account/cremi/rdruon/devkitpro/devkitARM/bin/../lib/gcc/arm-none-eabi/4.9.2/../../../../arm-none-eabi/lib/armv6k/fpu/libg.a(lib_a-malignr.o)
 .text          0x000000000010bb50        0x0 /autofs/netapp/account/cremi/rdruon/devkitpro/devkitARM/bin/../lib/gcc/arm-none-eabi/4.9.2/../../../../arm-none-eabi/lib/armv6k/fpu/libg.a(lib_a-malloc.o)
 .text          0x000000000010bb50        0x0 /autofs/netapp/account/cremi/rdruon/devkitpro/devkitARM/bin/../lib/gcc/arm-none-eabi/4.9.2/../../../../arm-none-eabi/lib/armv6k/fpu/libg.a(lib_a-mallocr.o)
 .text          0x000000000010bb50        0x0 /autofs/netapp/account/cremi/rdruon/devkitpro/devkitARM/bin/../lib/gcc/arm-none-eabi/4.9.2/../../../../arm-none-eabi/lib/armv6k/fpu/libg.a(lib_a-memcmp.o)
 .text          0x000000000010bb50        0x0 /autofs/netapp/account/cremi/rdruon/devkitpro/devkitARM/bin/../lib/gcc/arm-none-eabi/4.9.2/../../../../arm-none-eabi/lib/armv6k/fpu/libg.a(lib_a-memcpy.o)
 .text          0x000000000010bb50        0x0 /autofs/netapp/account/cremi/rdruon/devkitpro/devkitARM/bin/../lib/gcc/arm-none-eabi/4.9.2/../../../../arm-none-eabi/lib/armv6k/fpu/libg.a(lib_a-memset.o)
 .text          0x000000000010bb50        0x0 /autofs/netapp/account/cremi/rdruon/devkitpro/devkitARM/bin/../lib/gcc/arm-none-eabi/4.9.2/../../../../arm-none-eabi/lib/armv6k/fpu/libg.a(lib_a-mlock.o)
 .text          0x000000000010bb50        0x0 /autofs/netapp/account/cremi/rdruon/devkitpro/devkitARM/bin/../lib/gcc/arm-none-eabi/4.9.2/../../../../arm-none-eabi/lib/armv6k/fpu/libg.a(lib_a-puts.o)
 .text          0x000000000010bb50        0x0 /autofs/netapp/account/cremi/rdruon/devkitpro/devkitARM/bin/../lib/gcc/arm-none-eabi/4.9.2/../../../../arm-none-eabi/lib/armv6k/fpu/libg.a(lib_a-realloc.o)
 .text          0x000000000010bb50        0x0 /autofs/netapp/account/cremi/rdruon/devkitpro/devkitARM/bin/../lib/gcc/arm-none-eabi/4.9.2/../../../../arm-none-eabi/lib/armv6k/fpu/libg.a(lib_a-reallocr.o)
 .text          0x000000000010bb50        0x0 /autofs/netapp/account/cremi/rdruon/devkitpro/devkitARM/bin/../lib/gcc/arm-none-eabi/4.9.2/../../../../arm-none-eabi/lib/armv6k/fpu/libg.a(lib_a-snprintf.o)
 .text          0x000000000010bb50        0x0 /autofs/netapp/account/cremi/rdruon/devkitpro/devkitARM/bin/../lib/gcc/arm-none-eabi/4.9.2/../../../../arm-none-eabi/lib/armv6k/fpu/libg.a(lib_a-sprintf.o)
 .text          0x000000000010bb50        0x0 /autofs/netapp/account/cremi/rdruon/devkitpro/devkitARM/bin/../lib/gcc/arm-none-eabi/4.9.2/../../../../arm-none-eabi/lib/armv6k/fpu/libg.a(lib_a-stdio.o)
 .text          0x000000000010bb50        0x0 /autofs/netapp/account/cremi/rdruon/devkitpro/devkitARM/bin/../lib/gcc/arm-none-eabi/4.9.2/../../../../arm-none-eabi/lib/armv6k/fpu/libg.a(lib_a-strcpy.o)
 .text          0x000000000010bb50        0x0 /autofs/netapp/account/cremi/rdruon/devkitpro/devkitARM/bin/../lib/gcc/arm-none-eabi/4.9.2/../../../../arm-none-eabi/lib/armv6k/fpu/libg.a(lib_a-strlen.o)
 .text          0x000000000010bb50        0x0 /autofs/netapp/account/cremi/rdruon/devkitpro/devkitARM/bin/../lib/gcc/arm-none-eabi/4.9.2/../../../../arm-none-eabi/lib/armv6k/fpu/libg.a(lib_a-strncat.o)
 .text          0x000000000010bb50        0x0 /autofs/netapp/account/cremi/rdruon/devkitpro/devkitARM/bin/../lib/gcc/arm-none-eabi/4.9.2/../../../../arm-none-eabi/lib/armv6k/fpu/libg.a(lib_a-strncpy.o)
 .text          0x000000000010bb50        0x0 /autofs/netapp/account/cremi/rdruon/devkitpro/devkitARM/bin/../lib/gcc/arm-none-eabi/4.9.2/../../../../arm-none-eabi/lib/armv6k/fpu/libg.a(lib_a-svfprintf.o)
 .text          0x000000000010bb50        0x0 /autofs/netapp/account/cremi/rdruon/devkitpro/devkitARM/bin/../lib/gcc/arm-none-eabi/4.9.2/../../../../arm-none-eabi/lib/armv6k/fpu/libg.a(lib_a-sysclose.o)
 .text          0x000000000010bb50        0x0 /autofs/netapp/account/cremi/rdruon/devkitpro/devkitARM/bin/../lib/gcc/arm-none-eabi/4.9.2/../../../../arm-none-eabi/lib/armv6k/fpu/libg.a(lib_a-sysopen.o)
 .text          0x000000000010bb50        0x0 /autofs/netapp/account/cremi/rdruon/devkitpro/devkitARM/bin/../lib/gcc/arm-none-eabi/4.9.2/../../../../arm-none-eabi/lib/armv6k/fpu/libg.a(lib_a-wcrtomb.o)
 .text          0x000000000010bb50        0x0 /autofs/netapp/account/cremi/rdruon/devkitpro/devkitARM/bin/../lib/gcc/arm-none-eabi/4.9.2/../../../../arm-none-eabi/lib/armv6k/fpu/libg.a(lib_a-wcsrtombs.o)
 .text          0x000000000010bb50        0x0 /autofs/netapp/account/cremi/rdruon/devkitpro/devkitARM/bin/../lib/gcc/arm-none-eabi/4.9.2/../../../../arm-none-eabi/lib/armv6k/fpu/libg.a(lib_a-wctomb_r.o)
 .text          0x000000000010bb50        0x0 /autofs/netapp/account/cremi/rdruon/devkitpro/devkitARM/bin/../lib/gcc/arm-none-eabi/4.9.2/../../../../arm-none-eabi/lib/armv6k/fpu/libg.a(lib_a-dtoa.o)
 .text          0x000000000010bb50        0x0 /autofs/netapp/account/cremi/rdruon/devkitpro/devkitARM/bin/../lib/gcc/arm-none-eabi/4.9.2/../../../../arm-none-eabi/lib/armv6k/fpu/libg.a(lib_a-fvwrite.o)
 .text          0x000000000010bb50        0x0 /autofs/netapp/account/cremi/rdruon/devkitpro/devkitARM/bin/../lib/gcc/arm-none-eabi/4.9.2/../../../../arm-none-eabi/lib/armv6k/fpu/libg.a(lib_a-locale.o)
 .text          0x000000000010bb50        0x0 /autofs/netapp/account/cremi/rdruon/devkitpro/devkitARM/bin/../lib/gcc/arm-none-eabi/4.9.2/../../../../arm-none-eabi/lib/armv6k/fpu/libg.a(lib_a-mbtowc_r.o)
 .text          0x000000000010bb50        0x0 /autofs/netapp/account/cremi/rdruon/devkitpro/devkitARM/bin/../lib/gcc/arm-none-eabi/4.9.2/../../../../arm-none-eabi/lib/armv6k/fpu/libg.a(lib_a-memchr.o)
 .text          0x000000000010bb50        0x0 /autofs/netapp/account/cremi/rdruon/devkitpro/devkitARM/bin/../lib/gcc/arm-none-eabi/4.9.2/../../../../arm-none-eabi/lib/armv6k/fpu/libg.a(lib_a-memmove.o)
 .text          0x000000000010bb50        0x0 /autofs/netapp/account/cremi/rdruon/devkitpro/devkitARM/bin/../lib/gcc/arm-none-eabi/4.9.2/../../../../arm-none-eabi/lib/armv6k/fpu/libg.a(lib_a-mprec.o)
 .text          0x000000000010bb50        0x0 /autofs/netapp/account/cremi/rdruon/devkitpro/devkitARM/bin/../lib/gcc/arm-none-eabi/4.9.2/../../../../arm-none-eabi/lib/armv6k/fpu/libg.a(lib_a-s_fpclassify.o)
 .text          0x000000000010bb50        0x0 /autofs/netapp/account/cremi/rdruon/devkitpro/devkitARM/bin/../lib/gcc/arm-none-eabi/4.9.2/../../../../arm-none-eabi/lib/armv6k/fpu/libg.a(lib_a-s_frexp.o)
 .text          0x000000000010bb50        0x0 /autofs/netapp/account/cremi/rdruon/devkitpro/devkitARM/bin/../lib/gcc/arm-none-eabi/4.9.2/../../../../arm-none-eabi/lib/armv6k/fpu/libg.a(lib_a-strcasecmp.o)
 .text          0x000000000010bb50        0x0 /autofs/netapp/account/cremi/rdruon/devkitpro/devkitARM/bin/../lib/gcc/arm-none-eabi/4.9.2/../../../../arm-none-eabi/lib/armv6k/fpu/libg.a(lib_a-strcat.o)
 .text          0x000000000010bb50        0x0 /autofs/netapp/account/cremi/rdruon/devkitpro/devkitARM/bin/../lib/gcc/arm-none-eabi/4.9.2/../../../../arm-none-eabi/lib/armv6k/fpu/libg.a(lib_a-strchr.o)
 *fill*         0x000000000010bb50       0x10 
 .text          0x000000000010bb60      0x3a0 /autofs/netapp/account/cremi/rdruon/devkitpro/devkitARM/bin/../lib/gcc/arm-none-eabi/4.9.2/../../../../arm-none-eabi/lib/armv6k/fpu/libg.a(lib_a-strcmp.o)
                0x000000000010bb68                strcmp
 .text          0x000000000010bf00        0x0 /autofs/netapp/account/cremi/rdruon/devkitpro/devkitARM/bin/../lib/gcc/arm-none-eabi/4.9.2/../../../../arm-none-eabi/lib/armv6k/fpu/libg.a(lib_a-strlcpy.o)
 .text          0x000000000010bf00        0x0 /autofs/netapp/account/cremi/rdruon/devkitpro/devkitARM/bin/../lib/gcc/arm-none-eabi/4.9.2/../../../../arm-none-eabi/lib/armv6k/fpu/libg.a(lib_a-strncasecmp.o)
 .text          0x000000000010bf00        0x0 /autofs/netapp/account/cremi/rdruon/devkitpro/devkitARM/bin/../lib/gcc/arm-none-eabi/4.9.2/../../../../arm-none-eabi/lib/armv6k/fpu/libg.a(lib_a-strncmp.o)
 .text          0x000000000010bf00        0x0 /autofs/netapp/account/cremi/rdruon/devkitpro/devkitARM/bin/../lib/gcc/arm-none-eabi/4.9.2/../../../../arm-none-eabi/lib/armv6k/fpu/libg.a(lib_a-strtol.o)
 .text          0x000000000010bf00        0x0 /autofs/netapp/account/cremi/rdruon/devkitpro/devkitARM/bin/../lib/gcc/arm-none-eabi/4.9.2/../../../../arm-none-eabi/lib/armv6k/fpu/libg.a(lib_a-svfiprintf.o)
 .text          0x000000000010bf00        0x0 /autofs/netapp/account/cremi/rdruon/devkitpro/devkitARM/bin/../lib/gcc/arm-none-eabi/4.9.2/../../../../arm-none-eabi/lib/armv6k/fpu/libg.a(lib_a-wcsnrtombs.o)
 .text          0x000000000010bf00        0x0 /autofs/netapp/account/cremi/rdruon/devkitpro/devkitARM/bin/../lib/gcc/arm-none-eabi/4.9.2/../../../../arm-none-eabi/lib/armv6k/fpu/libg.a(lib_a-wsetup.o)
 .text          0x000000000010bf00        0x0 /autofs/netapp/account/cremi/rdruon/devkitpro/devkitARM/bin/../lib/gcc/arm-none-eabi/4.9.2/../../../../arm-none-eabi/lib/armv6k/fpu/libg.a(lib_a-ctype_.o)
 .text          0x000000000010bf00        0x0 /autofs/netapp/account/cremi/rdruon/devkitpro/devkitARM/bin/../lib/gcc/arm-none-eabi/4.9.2/../../../../arm-none-eabi/lib/armv6k/fpu/libg.a(lib_a-getenv_r.o)
 .text          0x000000000010bf00        0x0 /autofs/netapp/account/cremi/rdruon/devkitpro/devkitARM/bin/../lib/gcc/arm-none-eabi/4.9.2/../../../../arm-none-eabi/lib/armv6k/fpu/libg.a(lib_a-makebuf.o)
 .text          0x000000000010bf00        0x0 /autofs/netapp/account/cremi/rdruon/devkitpro/devkitARM/bin/../lib/gcc/arm-none-eabi/4.9.2/../../../../arm-none-eabi/lib/armv6k/fpu/libg.a(lib_a-environ.o)
 .text          0x000000000010bf00        0x0 /autofs/netapp/account/cremi/rdruon/devkitpro/devkitARM/bin/../lib/gcc/arm-none-eabi/4.9.2/../../../../arm-none-eabi/lib/armv6k/fpu/libg.a(lib_a-envlock.o)
 .text          0x000000000010bf00      0x1a8 /autofs/netapp/account/cremi/rdruon/devkitpro/devkitARM/bin/../lib/gcc/arm-none-eabi/4.9.2/../../../../arm-none-eabi/lib/armv6k/fpu/libsysbase.a(iosupport.o)
                0x000000000010bf00                setDefaultDevice
                0x000000000010bf18                FindDevice
                0x000000000010bfc4                RemoveDevice
                0x000000000010bff0                AddDevice
                0x000000000010c084                GetDeviceOpTab
 .text          0x000000000010c0a8       0x7c /autofs/netapp/account/cremi/rdruon/devkitpro/devkitARM/bin/../lib/gcc/arm-none-eabi/4.9.2/../../../../arm-none-eabi/lib/armv6k/fpu/libsysbase.a(close.o)
                0x000000000010c0a8                _close_r
 .text          0x000000000010c124       0x6c /autofs/netapp/account/cremi/rdruon/devkitpro/devkitARM/bin/../lib/gcc/arm-none-eabi/4.9.2/../../../../arm-none-eabi/lib/armv6k/fpu/libsysbase.a(fstat.o)
                0x000000000010c124                _fstat_r
 .text          0x000000000010c190        0x8 /autofs/netapp/account/cremi/rdruon/devkitpro/devkitARM/bin/../lib/gcc/arm-none-eabi/4.9.2/../../../../arm-none-eabi/lib/armv6k/fpu/libsysbase.a(isatty.o)
                0x000000000010c190                _isatty_r
 .text          0x000000000010c198       0x74 /autofs/netapp/account/cremi/rdruon/devkitpro/devkitARM/bin/../lib/gcc/arm-none-eabi/4.9.2/../../../../arm-none-eabi/lib/armv6k/fpu/libsysbase.a(lseek.o)
                0x000000000010c198                _lseek_r
 .text          0x000000000010c20c       0xc8 /autofs/netapp/account/cremi/rdruon/devkitpro/devkitARM/bin/../lib/gcc/arm-none-eabi/4.9.2/../../../../arm-none-eabi/lib/armv6k/fpu/libsysbase.a(open.o)
                0x000000000010c20c                _open_r
 .text          0x000000000010c2d4       0x74 /autofs/netapp/account/cremi/rdruon/devkitpro/devkitARM/bin/../lib/gcc/arm-none-eabi/4.9.2/../../../../arm-none-eabi/lib/armv6k/fpu/libsysbase.a(read.o)
                0x000000000010c2d4                _read_r
 .text          0x000000000010c348       0x70 /autofs/netapp/account/cremi/rdruon/devkitpro/devkitARM/bin/../lib/gcc/arm-none-eabi/4.9.2/../../../../arm-none-eabi/lib/armv6k/fpu/libsysbase.a(sbrk.o)
                0x000000000010c348                _sbrk_r
 .text          0x000000000010c3b8       0x74 /autofs/netapp/account/cremi/rdruon/devkitpro/devkitARM/bin/../lib/gcc/arm-none-eabi/4.9.2/../../../../arm-none-eabi/lib/armv6k/fpu/libsysbase.a(write.o)
                0x000000000010c3b8                _write_r
 .text          0x000000000010c42c        0x0 /autofs/netapp/account/cremi/rdruon/devkitpro/devkitARM/bin/../lib/gcc/arm-none-eabi/4.9.2/../../../../arm-none-eabi/lib/armv6k/fpu/libsysbase.a(malloc_vars.o)
 .text          0x000000000010c42c      0x3a4 /autofs/netapp/account/cremi/rdruon/devkitpro/devkitARM/bin/../lib/gcc/arm-none-eabi/4.9.2/../../../../arm-none-eabi/lib/armv6k/fpu/libsysbase.a(chdir.o)
                0x000000000010c42c                _concatenate_path
                0x000000000010c5e8                chdir
                0x000000000010c730                getcwd
 .text          0x000000000010c7d0        0x8 /autofs/netapp/account/cremi/rdruon/devkitpro/devkitARM/bin/../lib/gcc/arm-none-eabi/4.9.2/../../../../arm-none-eabi/lib/armv6k/fpu/libsysbase.a(flock.o)
                0x000000000010c7d0                __flockfile
                0x000000000010c7d4                __funlockfile
 .text          0x000000000010c7d8      0x108 /autofs/netapp/account/cremi/rdruon/devkitpro/devkitARM/bin/../lib/gcc/arm-none-eabi/4.9.2/../../../../arm-none-eabi/lib/armv6k/fpu/libsysbase.a(syscall_support.o)
                0x000000000010c7d8                __libc_lock_init
                0x000000000010c7f0                __libc_lock_acquire
                0x000000000010c808                __libc_lock_try_acquire
                0x000000000010c82c                __libc_lock_release
                0x000000000010c844                __libc_lock_close
                0x000000000010c85c                __libc_lock_init_recursive
                0x000000000010c874                __libc_lock_acquire_recursive
                0x000000000010c88c                __libc_lock_try_acquire_recursive
                0x000000000010c8b0                __libc_lock_release_recursive
                0x000000000010c8c8                __libc_lock_close_recursive
 .text          0x000000000010c8e0      0x254 /autofs/netapp/account/cremi/rdruon/devkitpro/devkitARM/bin/../lib/gcc/arm-none-eabi/4.9.2/../../../../arm-none-eabi/lib/armv6k/fpu/libsysbase.a(handle_manager.o)
                0x000000000010c8e0                __free_handle
                0x000000000010c924                __release_handle
                0x000000000010c950                __alloc_handle
                0x000000000010c9b8                __get_handle
                0x000000000010c9d4                dup
                0x000000000010ca60                dup2
 .text          0x000000000010cb34       0x28 /autofs/netapp/account/cremi/rdruon/devkitpro/devkitARM/bin/../lib/gcc/arm-none-eabi/4.9.2/../../../../arm-none-eabi/lib/armv6k/fpu/libsysbase.a(getreent.o)
                0x000000000010cb34                __getreent
 .text          0x000000000010cb5c      0x20c /autofs/netapp/account/cremi/rdruon/devkitpro/devkitARM/bin/../lib/gcc/arm-none-eabi/4.9.2/armv6k/fpu/libgcc.a(_udivsi3.o)
                0x000000000010cb5c                __udivsi3
                0x000000000010cb5c                __aeabi_uidiv
                0x000000000010cd48                __aeabi_uidivmod
 .text          0x000000000010cd68        0x0 /autofs/netapp/account/cremi/rdruon/devkitpro/devkitARM/bin/../lib/gcc/arm-none-eabi/4.9.2/../../../../arm-none-eabi/lib/armv6k/fpu/libg.a(lib_a-errno.o)
 .text          0x000000000010cd68        0x0 /autofs/netapp/account/cremi/rdruon/devkitpro/devkitARM/bin/../lib/gcc/arm-none-eabi/4.9.2/../../../../arm-none-eabi/lib/armv6k/fpu/libg.a(lib_a-strnlen.o)
 .text          0x000000000010cd68        0x0 /autofs/netapp/account/cremi/rdruon/devkitpro/devkitARM/bin/../lib/gcc/arm-none-eabi/4.9.2/../../../../arm-none-eabi/lib/armv6k/fpu/libg.a(lib_a-strrchr.o)
 .text          0x000000000010cd68        0x0 /autofs/netapp/account/cremi/rdruon/devkitpro/devkitARM/bin/../lib/gcc/arm-none-eabi/4.9.2/armv6k/fpu/crtend.o
 .text          0x000000000010cd68        0x0 /autofs/netapp/account/cremi/rdruon/devkitpro/devkitARM/bin/../lib/gcc/arm-none-eabi/4.9.2/armv6k/fpu/crtn.o
 *(.text.*)
 .text.startup  0x000000000010cd68      0x28c main.o
                0x000000000010cd68                main
 .text.InternalWrite
                0x000000000010cff4       0x2c /net/cremi/rdruon/devkitpro/portlibs/armv6k/lib/libgif.a(egif_lib.o)
 .text.EGifPutWord
                0x000000000010d020       0x3c /net/cremi/rdruon/devkitpro/portlibs/armv6k/lib/libgif.a(egif_lib.o)
 .text.EGifBufferedOutput.part.0
                0x000000000010d05c       0x64 /net/cremi/rdruon/devkitpro/portlibs/armv6k/lib/libgif.a(egif_lib.o)
 .text.EGifBufferedOutput
                0x000000000010d0c0       0x7c /net/cremi/rdruon/devkitpro/portlibs/armv6k/lib/libgif.a(egif_lib.o)
 .text.EGifPutExtensionBlock.part.2
                0x000000000010d13c       0x40 /net/cremi/rdruon/devkitpro/portlibs/armv6k/lib/libgif.a(egif_lib.o)
 .text.EGifCompressOutput
                0x000000000010d17c      0x13c /net/cremi/rdruon/devkitpro/portlibs/armv6k/lib/libgif.a(egif_lib.o)
 .text.EGifCompressLine
                0x000000000010d2b8      0x160 /net/cremi/rdruon/devkitpro/portlibs/armv6k/lib/libgif.a(egif_lib.o)
 .text.EGifWriteExtensions
                0x000000000010d418      0x104 /net/cremi/rdruon/devkitpro/portlibs/armv6k/lib/libgif.a(egif_lib.o)
 .text.EGifOpenFileHandle
                0x000000000010d51c       0xd0 /net/cremi/rdruon/devkitpro/portlibs/armv6k/lib/libgif.a(egif_lib.o)
                0x000000000010d51c                EGifOpenFileHandle
 .text.EGifOpenFileName
                0x000000000010d5ec       0x70 /net/cremi/rdruon/devkitpro/portlibs/armv6k/lib/libgif.a(egif_lib.o)
                0x000000000010d5ec                EGifOpenFileName
 .text.EGifOpen
                0x000000000010d65c       0xc4 /net/cremi/rdruon/devkitpro/portlibs/armv6k/lib/libgif.a(egif_lib.o)
                0x000000000010d65c                EGifOpen
 .text.EGifGetGifVersion
                0x000000000010d720       0xe8 /net/cremi/rdruon/devkitpro/portlibs/armv6k/lib/libgif.a(egif_lib.o)
                0x000000000010d720                EGifGetGifVersion
 .text.EGifSetGifVersion
                0x000000000010d808       0x10 /net/cremi/rdruon/devkitpro/portlibs/armv6k/lib/libgif.a(egif_lib.o)
                0x000000000010d808                EGifSetGifVersion
 .text.EGifPutScreenDesc
                0x000000000010d818      0x214 /net/cremi/rdruon/devkitpro/portlibs/armv6k/lib/libgif.a(egif_lib.o)
                0x000000000010d818                EGifPutScreenDesc
 .text.EGifPutImageDesc
                0x000000000010da2c      0x32c /net/cremi/rdruon/devkitpro/portlibs/armv6k/lib/libgif.a(egif_lib.o)
                0x000000000010da2c                EGifPutImageDesc
 .text.EGifPutLine
                0x000000000010dd58       0x84 /net/cremi/rdruon/devkitpro/portlibs/armv6k/lib/libgif.a(egif_lib.o)
                0x000000000010dd58                EGifPutLine
 .text.EGifPutPixel
                0x000000000010dddc       0x84 /net/cremi/rdruon/devkitpro/portlibs/armv6k/lib/libgif.a(egif_lib.o)
                0x000000000010dddc                EGifPutPixel
 .text.EGifPutExtensionLeader
                0x000000000010de60       0x54 /net/cremi/rdruon/devkitpro/portlibs/armv6k/lib/libgif.a(egif_lib.o)
                0x000000000010de60                EGifPutExtensionLeader
 .text.EGifPutExtensionBlock
                0x000000000010deb4       0x24 /net/cremi/rdruon/devkitpro/portlibs/armv6k/lib/libgif.a(egif_lib.o)
                0x000000000010deb4                EGifPutExtensionBlock
 .text.EGifPutExtensionTrailer
                0x000000000010ded8       0x4c /net/cremi/rdruon/devkitpro/portlibs/armv6k/lib/libgif.a(egif_lib.o)
                0x000000000010ded8                EGifPutExtensionTrailer
 .text.EGifPutExtension
                0x000000000010df24       0xa4 /net/cremi/rdruon/devkitpro/portlibs/armv6k/lib/libgif.a(egif_lib.o)
                0x000000000010df24                EGifPutExtension
 .text.EGifPutComment
                0x000000000010dfc8      0x11c /net/cremi/rdruon/devkitpro/portlibs/armv6k/lib/libgif.a(egif_lib.o)
                0x000000000010dfc8                EGifPutComment
 .text.EGifGCBToExtension
                0x000000000010e0e4       0x68 /net/cremi/rdruon/devkitpro/portlibs/armv6k/lib/libgif.a(egif_lib.o)
                0x000000000010e0e4                EGifGCBToExtension
 .text.EGifGCBToSavedExtension
                0x000000000010e14c       0xfc /net/cremi/rdruon/devkitpro/portlibs/armv6k/lib/libgif.a(egif_lib.o)
                0x000000000010e14c                EGifGCBToSavedExtension
 .text.EGifPutCodeNext
                0x000000000010e248       0x6c /net/cremi/rdruon/devkitpro/portlibs/armv6k/lib/libgif.a(egif_lib.o)
                0x000000000010e248                EGifPutCodeNext
 .text.EGifPutCode
                0x000000000010e2b4       0x28 /net/cremi/rdruon/devkitpro/portlibs/armv6k/lib/libgif.a(egif_lib.o)
                0x000000000010e2b4                EGifPutCode
 .text.EGifCloseFile
                0x000000000010e2dc      0x110 /net/cremi/rdruon/devkitpro/portlibs/armv6k/lib/libgif.a(egif_lib.o)
                0x000000000010e2dc                EGifCloseFile
 .text.EGifSpew
                0x000000000010e3ec      0x1b0 /net/cremi/rdruon/devkitpro/portlibs/armv6k/lib/libgif.a(egif_lib.o)
                0x000000000010e3ec                EGifSpew
 .text._InitHashTable
                0x000000000010e59c       0x28 /net/cremi/rdruon/devkitpro/portlibs/armv6k/lib/libgif.a(gif_hash.o)
                0x000000000010e59c                _InitHashTable
 .text._ClearHashTable
                0x000000000010e5c4        0xc /net/cremi/rdruon/devkitpro/portlibs/armv6k/lib/libgif.a(gif_hash.o)
                0x000000000010e5c4                _ClearHashTable
 .text._InsertHashTable
                0x000000000010e5d0       0x58 /net/cremi/rdruon/devkitpro/portlibs/armv6k/lib/libgif.a(gif_hash.o)
                0x000000000010e5d0                _InsertHashTable
 .text._ExistsHashTable
                0x000000000010e628       0x64 /net/cremi/rdruon/devkitpro/portlibs/armv6k/lib/libgif.a(gif_hash.o)
                0x000000000010e628                _ExistsHashTable
 .text.GifBitSize
                0x000000000010e68c       0x24 /net/cremi/rdruon/devkitpro/portlibs/armv6k/lib/libgif.a(gifalloc.o)
                0x000000000010e68c                GifBitSize
 .text.GifMakeMapObject
                0x000000000010e6b0       0xd0 /net/cremi/rdruon/devkitpro/portlibs/armv6k/lib/libgif.a(gifalloc.o)
                0x000000000010e6b0                GifMakeMapObject
 .text.GifFreeMapObject
                0x000000000010e780       0x24 /net/cremi/rdruon/devkitpro/portlibs/armv6k/lib/libgif.a(gifalloc.o)
                0x000000000010e780                GifFreeMapObject
 .text.GifUnionColorMap
                0x000000000010e7a4      0x2dc /net/cremi/rdruon/devkitpro/portlibs/armv6k/lib/libgif.a(gifalloc.o)
                0x000000000010e7a4                GifUnionColorMap
 .text.GifApplyTranslation
                0x000000000010ea80       0x3c /net/cremi/rdruon/devkitpro/portlibs/armv6k/lib/libgif.a(gifalloc.o)
                0x000000000010ea80                GifApplyTranslation
 .text.GifAddExtensionBlock
                0x000000000010eabc       0xc8 /net/cremi/rdruon/devkitpro/portlibs/armv6k/lib/libgif.a(gifalloc.o)
                0x000000000010eabc                GifAddExtensionBlock
 .text.GifFreeExtensions
                0x000000000010eb84       0x6c /net/cremi/rdruon/devkitpro/portlibs/armv6k/lib/libgif.a(gifalloc.o)
                0x000000000010eb84                GifFreeExtensions
 .text.FreeLastSavedImage
                0x000000000010ebf0       0x68 /net/cremi/rdruon/devkitpro/portlibs/armv6k/lib/libgif.a(gifalloc.o)
                0x000000000010ebf0                FreeLastSavedImage
 .text.GifMakeSavedImage
                0x000000000010ec58      0x164 /net/cremi/rdruon/devkitpro/portlibs/armv6k/lib/libgif.a(gifalloc.o)
                0x000000000010ec58                GifMakeSavedImage
 .text.GifFreeSavedImages
                0x000000000010edbc       0x98 /net/cremi/rdruon/devkitpro/portlibs/armv6k/lib/libgif.a(gifalloc.o)
                0x000000000010edbc                GifFreeSavedImages
 .text.bsearch  0x000000000010ee54       0x78 /autofs/netapp/account/cremi/rdruon/devkitpro/devkitARM/bin/../lib/gcc/arm-none-eabi/4.9.2/../../../../arm-none-eabi/lib/armv6k/fpu/libg.a(lib_a-bsearch.o)
                0x000000000010ee54                bsearch
 .text.calloc   0x000000000010eecc       0x20 /autofs/netapp/account/cremi/rdruon/devkitpro/devkitARM/bin/../lib/gcc/arm-none-eabi/4.9.2/../../../../arm-none-eabi/lib/armv6k/fpu/libg.a(lib_a-calloc.o)
                0x000000000010eecc                calloc
 .text._calloc_r
                0x000000000010eeec       0x94 /autofs/netapp/account/cremi/rdruon/devkitpro/devkitARM/bin/../lib/gcc/arm-none-eabi/4.9.2/../../../../arm-none-eabi/lib/armv6k/fpu/libg.a(lib_a-callocr.o)
                0x000000000010eeec                _calloc_r
 .text._fclose_r
                0x000000000010ef80      0x118 /autofs/netapp/account/cremi/rdruon/devkitpro/devkitARM/bin/../lib/gcc/arm-none-eabi/4.9.2/../../../../arm-none-eabi/lib/armv6k/fpu/libg.a(lib_a-fclose.o)
                0x000000000010ef80                _fclose_r
 .text.fclose   0x000000000010f098       0x18 /autofs/netapp/account/cremi/rdruon/devkitpro/devkitARM/bin/../lib/gcc/arm-none-eabi/4.9.2/../../../../arm-none-eabi/lib/armv6k/fpu/libg.a(lib_a-fclose.o)
                0x000000000010f098                fclose
 .text._fdopen_r
                0x000000000010f0b0      0x12c /autofs/netapp/account/cremi/rdruon/devkitpro/devkitARM/bin/../lib/gcc/arm-none-eabi/4.9.2/../../../../arm-none-eabi/lib/armv6k/fpu/libg.a(lib_a-fdopen.o)
                0x000000000010f0b0                _fdopen_r
 .text.fdopen   0x000000000010f1dc       0x20 /autofs/netapp/account/cremi/rdruon/devkitpro/devkitARM/bin/../lib/gcc/arm-none-eabi/4.9.2/../../../../arm-none-eabi/lib/armv6k/fpu/libg.a(lib_a-fdopen.o)
                0x000000000010f1dc                fdopen
 .text.__sflush_r
                0x000000000010f1fc      0x238 /autofs/netapp/account/cremi/rdruon/devkitpro/devkitARM/bin/../lib/gcc/arm-none-eabi/4.9.2/../../../../arm-none-eabi/lib/armv6k/fpu/libg.a(lib_a-fflush.o)
                0x000000000010f1fc                __sflush_r
 .text._fflush_r
                0x000000000010f434       0x98 /autofs/netapp/account/cremi/rdruon/devkitpro/devkitARM/bin/../lib/gcc/arm-none-eabi/4.9.2/../../../../arm-none-eabi/lib/armv6k/fpu/libg.a(lib_a-fflush.o)
                0x000000000010f434                _fflush_r
 .text.fflush   0x000000000010f4cc       0x38 /autofs/netapp/account/cremi/rdruon/devkitpro/devkitARM/bin/../lib/gcc/arm-none-eabi/4.9.2/../../../../arm-none-eabi/lib/armv6k/fpu/libg.a(lib_a-fflush.o)
                0x000000000010f4cc                fflush
 .text._cleanup_r
                0x000000000010f504        0xc /autofs/netapp/account/cremi/rdruon/devkitpro/devkitARM/bin/../lib/gcc/arm-none-eabi/4.9.2/../../../../arm-none-eabi/lib/armv6k/fpu/libg.a(lib_a-findfp.o)
                0x000000000010f504                _cleanup_r
 .text.__fp_lock
                0x000000000010f510       0x1c /autofs/netapp/account/cremi/rdruon/devkitpro/devkitARM/bin/../lib/gcc/arm-none-eabi/4.9.2/../../../../arm-none-eabi/lib/armv6k/fpu/libg.a(lib_a-findfp.o)
 .text.__fp_unlock
                0x000000000010f52c       0x1c /autofs/netapp/account/cremi/rdruon/devkitpro/devkitARM/bin/../lib/gcc/arm-none-eabi/4.9.2/../../../../arm-none-eabi/lib/armv6k/fpu/libg.a(lib_a-findfp.o)
 .text.__sinit.part.1
                0x000000000010f548      0x15c /autofs/netapp/account/cremi/rdruon/devkitpro/devkitARM/bin/../lib/gcc/arm-none-eabi/4.9.2/../../../../arm-none-eabi/lib/armv6k/fpu/libg.a(lib_a-findfp.o)
 .text.__sfmoreglue
                0x000000000010f6a4       0x48 /autofs/netapp/account/cremi/rdruon/devkitpro/devkitARM/bin/../lib/gcc/arm-none-eabi/4.9.2/../../../../arm-none-eabi/lib/armv6k/fpu/libg.a(lib_a-findfp.o)
                0x000000000010f6a4                __sfmoreglue
 .text.__sfp    0x000000000010f6ec       0xe8 /autofs/netapp/account/cremi/rdruon/devkitpro/devkitARM/bin/../lib/gcc/arm-none-eabi/4.9.2/../../../../arm-none-eabi/lib/armv6k/fpu/libg.a(lib_a-findfp.o)
                0x000000000010f6ec                __sfp
 .text._cleanup
                0x000000000010f7d4       0x18 /autofs/netapp/account/cremi/rdruon/devkitpro/devkitARM/bin/../lib/gcc/arm-none-eabi/4.9.2/../../../../arm-none-eabi/lib/armv6k/fpu/libg.a(lib_a-findfp.o)
                0x000000000010f7d4                _cleanup
 .text.__sinit  0x000000000010f7ec       0x10 /autofs/netapp/account/cremi/rdruon/devkitpro/devkitARM/bin/../lib/gcc/arm-none-eabi/4.9.2/../../../../arm-none-eabi/lib/armv6k/fpu/libg.a(lib_a-findfp.o)
                0x000000000010f7ec                __sinit
 .text.__sfp_lock_acquire
                0x000000000010f7fc        0x4 /autofs/netapp/account/cremi/rdruon/devkitpro/devkitARM/bin/../lib/gcc/arm-none-eabi/4.9.2/../../../../arm-none-eabi/lib/armv6k/fpu/libg.a(lib_a-findfp.o)
                0x000000000010f7fc                __sfp_lock_acquire
 .text.__sfp_lock_release
                0x000000000010f800        0x4 /autofs/netapp/account/cremi/rdruon/devkitpro/devkitARM/bin/../lib/gcc/arm-none-eabi/4.9.2/../../../../arm-none-eabi/lib/armv6k/fpu/libg.a(lib_a-findfp.o)
                0x000000000010f800                __sfp_lock_release
 .text.__sinit_lock_acquire
                0x000000000010f804        0x4 /autofs/netapp/account/cremi/rdruon/devkitpro/devkitARM/bin/../lib/gcc/arm-none-eabi/4.9.2/../../../../arm-none-eabi/lib/armv6k/fpu/libg.a(lib_a-findfp.o)
                0x000000000010f804                __sinit_lock_acquire
 .text.__sinit_lock_release
                0x000000000010f808        0x4 /autofs/netapp/account/cremi/rdruon/devkitpro/devkitARM/bin/../lib/gcc/arm-none-eabi/4.9.2/../../../../arm-none-eabi/lib/armv6k/fpu/libg.a(lib_a-findfp.o)
                0x000000000010f808                __sinit_lock_release
 .text.__fp_lock_all
                0x000000000010f80c       0x18 /autofs/netapp/account/cremi/rdruon/devkitpro/devkitARM/bin/../lib/gcc/arm-none-eabi/4.9.2/../../../../arm-none-eabi/lib/armv6k/fpu/libg.a(lib_a-findfp.o)
                0x000000000010f80c                __fp_lock_all
 .text.__fp_unlock_all
                0x000000000010f824       0x18 /autofs/netapp/account/cremi/rdruon/devkitpro/devkitARM/bin/../lib/gcc/arm-none-eabi/4.9.2/../../../../arm-none-eabi/lib/armv6k/fpu/libg.a(lib_a-findfp.o)
                0x000000000010f824                __fp_unlock_all
 .text.__libc_fini_array
                0x000000000010f83c       0x40 /autofs/netapp/account/cremi/rdruon/devkitpro/devkitARM/bin/../lib/gcc/arm-none-eabi/4.9.2/../../../../arm-none-eabi/lib/armv6k/fpu/libg.a(lib_a-fini.o)
                0x000000000010f83c                __libc_fini_array
 .text.__sflags
                0x000000000010f87c       0xb0 /autofs/netapp/account/cremi/rdruon/devkitpro/devkitARM/bin/../lib/gcc/arm-none-eabi/4.9.2/../../../../arm-none-eabi/lib/armv6k/fpu/libg.a(lib_a-flags.o)
                0x000000000010f87c                __sflags
 .text._malloc_trim_r
                0x000000000010f92c       0xf8 /autofs/netapp/account/cremi/rdruon/devkitpro/devkitARM/bin/../lib/gcc/arm-none-eabi/4.9.2/../../../../arm-none-eabi/lib/armv6k/fpu/libg.a(lib_a-freer.o)
                0x000000000010f92c                _malloc_trim_r
 .text._free_r  0x000000000010fa24      0x2b4 /autofs/netapp/account/cremi/rdruon/devkitpro/devkitARM/bin/../lib/gcc/arm-none-eabi/4.9.2/../../../../arm-none-eabi/lib/armv6k/fpu/libg.a(lib_a-freer.o)
                0x000000000010fa24                _free_r
 .text._fwalk   0x000000000010fcd8       0x78 /autofs/netapp/account/cremi/rdruon/devkitpro/devkitARM/bin/../lib/gcc/arm-none-eabi/4.9.2/../../../../arm-none-eabi/lib/armv6k/fpu/libg.a(lib_a-fwalk.o)
                0x000000000010fcd8                _fwalk
 .text._fwalk_reent
                0x000000000010fd50       0x80 /autofs/netapp/account/cremi/rdruon/devkitpro/devkitARM/bin/../lib/gcc/arm-none-eabi/4.9.2/../../../../arm-none-eabi/lib/armv6k/fpu/libg.a(lib_a-fwalk.o)
                0x000000000010fd50                _fwalk_reent
 .text._fwrite_r
                0x000000000010fdd0      0x11c /autofs/netapp/account/cremi/rdruon/devkitpro/devkitARM/bin/../lib/gcc/arm-none-eabi/4.9.2/../../../../arm-none-eabi/lib/armv6k/fpu/libg.a(lib_a-fwrite.o)
                0x000000000010fdd0                _fwrite_r
 .text.fwrite   0x000000000010feec       0x38 /autofs/netapp/account/cremi/rdruon/devkitpro/devkitARM/bin/../lib/gcc/arm-none-eabi/4.9.2/../../../../arm-none-eabi/lib/armv6k/fpu/libg.a(lib_a-fwrite.o)
                0x000000000010feec                fwrite
 .text.__libc_init_array
                0x000000000010ff24       0x78 /autofs/netapp/account/cremi/rdruon/devkitpro/devkitARM/bin/../lib/gcc/arm-none-eabi/4.9.2/../../../../arm-none-eabi/lib/armv6k/fpu/libg.a(lib_a-init.o)
                0x000000000010ff24                __libc_init_array
 .text.memalign
                0x000000000010ff9c       0x20 /autofs/netapp/account/cremi/rdruon/devkitpro/devkitARM/bin/../lib/gcc/arm-none-eabi/4.9.2/../../../../arm-none-eabi/lib/armv6k/fpu/libg.a(lib_a-malign.o)
                0x000000000010ff9c                memalign
 .text._memalign_r
                0x000000000010ffbc      0x160 /autofs/netapp/account/cremi/rdruon/devkitpro/devkitARM/bin/../lib/gcc/arm-none-eabi/4.9.2/../../../../arm-none-eabi/lib/armv6k/fpu/libg.a(lib_a-malignr.o)
                0x000000000010ffbc                _memalign_r
 .text.malloc   0x000000000011011c       0x18 /autofs/netapp/account/cremi/rdruon/devkitpro/devkitARM/bin/../lib/gcc/arm-none-eabi/4.9.2/../../../../arm-none-eabi/lib/armv6k/fpu/libg.a(lib_a-malloc.o)
                0x000000000011011c                malloc
 .text.free     0x0000000000110134       0x18 /autofs/netapp/account/cremi/rdruon/devkitpro/devkitARM/bin/../lib/gcc/arm-none-eabi/4.9.2/../../../../arm-none-eabi/lib/armv6k/fpu/libg.a(lib_a-malloc.o)
                0x0000000000110134                free
 .text._malloc_r
                0x000000000011014c      0x740 /autofs/netapp/account/cremi/rdruon/devkitpro/devkitARM/bin/../lib/gcc/arm-none-eabi/4.9.2/../../../../arm-none-eabi/lib/armv6k/fpu/libg.a(lib_a-mallocr.o)
                0x000000000011014c                _malloc_r
 .text.memcmp   0x000000000011088c       0xa8 /autofs/netapp/account/cremi/rdruon/devkitpro/devkitARM/bin/../lib/gcc/arm-none-eabi/4.9.2/../../../../arm-none-eabi/lib/armv6k/fpu/libg.a(lib_a-memcmp.o)
                0x000000000011088c                memcmp
 .text.memcpy   0x0000000000110934       0xf4 /autofs/netapp/account/cremi/rdruon/devkitpro/devkitARM/bin/../lib/gcc/arm-none-eabi/4.9.2/../../../../arm-none-eabi/lib/armv6k/fpu/libg.a(lib_a-memcpy.o)
                0x0000000000110934                memcpy
 .text.memset   0x0000000000110a28       0xf0 /autofs/netapp/account/cremi/rdruon/devkitpro/devkitARM/bin/../lib/gcc/arm-none-eabi/4.9.2/../../../../arm-none-eabi/lib/armv6k/fpu/libg.a(lib_a-memset.o)
                0x0000000000110a28                memset
 .text.__malloc_lock
                0x0000000000110b18        0x4 /autofs/netapp/account/cremi/rdruon/devkitpro/devkitARM/bin/../lib/gcc/arm-none-eabi/4.9.2/../../../../arm-none-eabi/lib/armv6k/fpu/libg.a(lib_a-mlock.o)
                0x0000000000110b18                __malloc_lock
 .text.__malloc_unlock
                0x0000000000110b1c        0x4 /autofs/netapp/account/cremi/rdruon/devkitpro/devkitARM/bin/../lib/gcc/arm-none-eabi/4.9.2/../../../../arm-none-eabi/lib/armv6k/fpu/libg.a(lib_a-mlock.o)
                0x0000000000110b1c                __malloc_unlock
 .text._puts_r  0x0000000000110b20       0xec /autofs/netapp/account/cremi/rdruon/devkitpro/devkitARM/bin/../lib/gcc/arm-none-eabi/4.9.2/../../../../arm-none-eabi/lib/armv6k/fpu/libg.a(lib_a-puts.o)
                0x0000000000110b20                _puts_r
 .text.puts     0x0000000000110c0c       0x18 /autofs/netapp/account/cremi/rdruon/devkitpro/devkitARM/bin/../lib/gcc/arm-none-eabi/4.9.2/../../../../arm-none-eabi/lib/armv6k/fpu/libg.a(lib_a-puts.o)
                0x0000000000110c0c                puts
 .text.realloc  0x0000000000110c24       0x20 /autofs/netapp/account/cremi/rdruon/devkitpro/devkitARM/bin/../lib/gcc/arm-none-eabi/4.9.2/../../../../arm-none-eabi/lib/armv6k/fpu/libg.a(lib_a-realloc.o)
                0x0000000000110c24                realloc
 .text._realloc_r
                0x0000000000110c44      0x564 /autofs/netapp/account/cremi/rdruon/devkitpro/devkitARM/bin/../lib/gcc/arm-none-eabi/4.9.2/../../../../arm-none-eabi/lib/armv6k/fpu/libg.a(lib_a-reallocr.o)
                0x0000000000110c44                _realloc_r
 .text._snprintf_r
                0x00000000001111a8       0xd8 /autofs/netapp/account/cremi/rdruon/devkitpro/devkitARM/bin/../lib/gcc/arm-none-eabi/4.9.2/../../../../arm-none-eabi/lib/armv6k/fpu/libg.a(lib_a-snprintf.o)
                0x00000000001111a8                _snprintf_r
 .text.snprintf
                0x0000000000111280       0xe0 /autofs/netapp/account/cremi/rdruon/devkitpro/devkitARM/bin/../lib/gcc/arm-none-eabi/4.9.2/../../../../arm-none-eabi/lib/armv6k/fpu/libg.a(lib_a-snprintf.o)
                0x0000000000111280                snprintf
 .text._sprintf_r
                0x0000000000111360       0x68 /autofs/netapp/account/cremi/rdruon/devkitpro/devkitARM/bin/../lib/gcc/arm-none-eabi/4.9.2/../../../../arm-none-eabi/lib/armv6k/fpu/libg.a(lib_a-sprintf.o)
                0x0000000000111360                _sprintf_r
 .text.sprintf  0x00000000001113c8       0x68 /autofs/netapp/account/cremi/rdruon/devkitpro/devkitARM/bin/../lib/gcc/arm-none-eabi/4.9.2/../../../../arm-none-eabi/lib/armv6k/fpu/libg.a(lib_a-sprintf.o)
                0x00000000001113c8                sprintf
 .text.__sread  0x0000000000111430       0x30 /autofs/netapp/account/cremi/rdruon/devkitpro/devkitARM/bin/../lib/gcc/arm-none-eabi/4.9.2/../../../../arm-none-eabi/lib/armv6k/fpu/libg.a(lib_a-stdio.o)
                0x0000000000111430                __sread
 .text.__seofread
                0x0000000000111460        0x8 /autofs/netapp/account/cremi/rdruon/devkitpro/devkitARM/bin/../lib/gcc/arm-none-eabi/4.9.2/../../../../arm-none-eabi/lib/armv6k/fpu/libg.a(lib_a-stdio.o)
                0x0000000000111460                __seofread
 .text.__swrite
                0x0000000000111468       0x54 /autofs/netapp/account/cremi/rdruon/devkitpro/devkitARM/bin/../lib/gcc/arm-none-eabi/4.9.2/../../../../arm-none-eabi/lib/armv6k/fpu/libg.a(lib_a-stdio.o)
                0x0000000000111468                __swrite
 .text.__sseek  0x00000000001114bc       0x2c /autofs/netapp/account/cremi/rdruon/devkitpro/devkitARM/bin/../lib/gcc/arm-none-eabi/4.9.2/../../../../arm-none-eabi/lib/armv6k/fpu/libg.a(lib_a-stdio.o)
                0x00000000001114bc                __sseek
 .text.__sclose
                0x00000000001114e8        0x8 /autofs/netapp/account/cremi/rdruon/devkitpro/devkitARM/bin/../lib/gcc/arm-none-eabi/4.9.2/../../../../arm-none-eabi/lib/armv6k/fpu/libg.a(lib_a-stdio.o)
                0x00000000001114e8                __sclose
 .text.strcpy   0x00000000001114f0       0xf0 /autofs/netapp/account/cremi/rdruon/devkitpro/devkitARM/bin/../lib/gcc/arm-none-eabi/4.9.2/../../../../arm-none-eabi/lib/armv6k/fpu/libg.a(lib_a-strcpy.o)
                0x00000000001114f0                strcpy
 .text.strlen   0x00000000001115e0       0x5c /autofs/netapp/account/cremi/rdruon/devkitpro/devkitARM/bin/../lib/gcc/arm-none-eabi/4.9.2/../../../../arm-none-eabi/lib/armv6k/fpu/libg.a(lib_a-strlen.o)
                0x00000000001115e0                strlen
 .text.strncat  0x000000000011163c       0xa4 /autofs/netapp/account/cremi/rdruon/devkitpro/devkitARM/bin/../lib/gcc/arm-none-eabi/4.9.2/../../../../arm-none-eabi/lib/armv6k/fpu/libg.a(lib_a-strncat.o)
                0x000000000011163c                strncat
 .text.strncpy  0x00000000001116e0       0xe0 /autofs/netapp/account/cremi/rdruon/devkitpro/devkitARM/bin/../lib/gcc/arm-none-eabi/4.9.2/../../../../arm-none-eabi/lib/armv6k/fpu/libg.a(lib_a-strncpy.o)
                0x00000000001116e0                strncpy
 .text.get_arg  0x00000000001117c0      0x860 /autofs/netapp/account/cremi/rdruon/devkitpro/devkitARM/bin/../lib/gcc/arm-none-eabi/4.9.2/../../../../arm-none-eabi/lib/armv6k/fpu/libg.a(lib_a-svfprintf.o)
 .text._svfprintf_r
                0x0000000000112020     0x4320 /autofs/netapp/account/cremi/rdruon/devkitpro/devkitARM/bin/../lib/gcc/arm-none-eabi/4.9.2/../../../../arm-none-eabi/lib/armv6k/fpu/libg.a(lib_a-svfprintf.o)
                0x0000000000112020                _svfprintf_r
 .text.close    0x0000000000116340       0x18 /autofs/netapp/account/cremi/rdruon/devkitpro/devkitARM/bin/../lib/gcc/arm-none-eabi/4.9.2/../../../../arm-none-eabi/lib/armv6k/fpu/libg.a(lib_a-sysclose.o)
                0x0000000000116340                close
 .text.open     0x0000000000116358       0x40 /autofs/netapp/account/cremi/rdruon/devkitpro/devkitARM/bin/../lib/gcc/arm-none-eabi/4.9.2/../../../../arm-none-eabi/lib/armv6k/fpu/libg.a(lib_a-sysopen.o)
                0x0000000000116358                open
 .text._wcrtomb_r
                0x0000000000116398       0x8c /autofs/netapp/account/cremi/rdruon/devkitpro/devkitARM/bin/../lib/gcc/arm-none-eabi/4.9.2/../../../../arm-none-eabi/lib/armv6k/fpu/libg.a(lib_a-wcrtomb.o)
                0x0000000000116398                _wcrtomb_r
 .text.wcrtomb  0x0000000000116424       0x94 /autofs/netapp/account/cremi/rdruon/devkitpro/devkitARM/bin/../lib/gcc/arm-none-eabi/4.9.2/../../../../arm-none-eabi/lib/armv6k/fpu/libg.a(lib_a-wcrtomb.o)
                0x0000000000116424                wcrtomb
 .text._wcsrtombs_r
                0x00000000001164b8       0x20 /autofs/netapp/account/cremi/rdruon/devkitpro/devkitARM/bin/../lib/gcc/arm-none-eabi/4.9.2/../../../../arm-none-eabi/lib/armv6k/fpu/libg.a(lib_a-wcsrtombs.o)
                0x00000000001164b8                _wcsrtombs_r
 .text.wcsrtombs
                0x00000000001164d8       0x3c /autofs/netapp/account/cremi/rdruon/devkitpro/devkitARM/bin/../lib/gcc/arm-none-eabi/4.9.2/../../../../arm-none-eabi/lib/armv6k/fpu/libg.a(lib_a-wcsrtombs.o)
                0x00000000001164d8                wcsrtombs
 .text.__utf8_wctomb
                0x0000000000116514      0x114 /autofs/netapp/account/cremi/rdruon/devkitpro/devkitARM/bin/../lib/gcc/arm-none-eabi/4.9.2/../../../../arm-none-eabi/lib/armv6k/fpu/libg.a(lib_a-wctomb_r.o)
                0x0000000000116514                __utf8_wctomb
 .text._wctomb_r
                0x0000000000116628       0x48 /autofs/netapp/account/cremi/rdruon/devkitpro/devkitARM/bin/../lib/gcc/arm-none-eabi/4.9.2/../../../../arm-none-eabi/lib/armv6k/fpu/libg.a(lib_a-wctomb_r.o)
                0x0000000000116628                _wctomb_r
 .text.__ascii_wctomb
                0x0000000000116670       0x28 /autofs/netapp/account/cremi/rdruon/devkitpro/devkitARM/bin/../lib/gcc/arm-none-eabi/4.9.2/../../../../arm-none-eabi/lib/armv6k/fpu/libg.a(lib_a-wctomb_r.o)
                0x0000000000116670                __ascii_wctomb
 .text.__sjis_wctomb
                0x0000000000116698       0x84 /autofs/netapp/account/cremi/rdruon/devkitpro/devkitARM/bin/../lib/gcc/arm-none-eabi/4.9.2/../../../../arm-none-eabi/lib/armv6k/fpu/libg.a(lib_a-wctomb_r.o)
                0x0000000000116698                __sjis_wctomb
 .text.__eucjp_wctomb
                0x000000000011671c       0xc8 /autofs/netapp/account/cremi/rdruon/devkitpro/devkitARM/bin/../lib/gcc/arm-none-eabi/4.9.2/../../../../arm-none-eabi/lib/armv6k/fpu/libg.a(lib_a-wctomb_r.o)
                0x000000000011671c                __eucjp_wctomb
 .text.__jis_wctomb
                0x00000000001167e4       0xd4 /autofs/netapp/account/cremi/rdruon/devkitpro/devkitARM/bin/../lib/gcc/arm-none-eabi/4.9.2/../../../../arm-none-eabi/lib/armv6k/fpu/libg.a(lib_a-wctomb_r.o)
                0x00000000001167e4                __jis_wctomb
 .text.quorem   0x00000000001168b8      0x1c0 /autofs/netapp/account/cremi/rdruon/devkitpro/devkitARM/bin/../lib/gcc/arm-none-eabi/4.9.2/../../../../arm-none-eabi/lib/armv6k/fpu/libg.a(lib_a-dtoa.o)
 .text._dtoa_r  0x0000000000116a78     0x12e0 /autofs/netapp/account/cremi/rdruon/devkitpro/devkitARM/bin/../lib/gcc/arm-none-eabi/4.9.2/../../../../arm-none-eabi/lib/armv6k/fpu/libg.a(lib_a-dtoa.o)
                0x0000000000116a78                _dtoa_r
 .text.__sfvwrite_r
                0x0000000000117d58      0x4c4 /autofs/netapp/account/cremi/rdruon/devkitpro/devkitARM/bin/../lib/gcc/arm-none-eabi/4.9.2/../../../../arm-none-eabi/lib/armv6k/fpu/libg.a(lib_a-fvwrite.o)
                0x0000000000117d58                __sfvwrite_r
 .text.__get_locale_env
                0x000000000011821c       0x8c /autofs/netapp/account/cremi/rdruon/devkitpro/devkitARM/bin/../lib/gcc/arm-none-eabi/4.9.2/../../../../arm-none-eabi/lib/armv6k/fpu/libg.a(lib_a-locale.o)
 .text.loadlocale
                0x00000000001182a8      0x8a4 /autofs/netapp/account/cremi/rdruon/devkitpro/devkitARM/bin/../lib/gcc/arm-none-eabi/4.9.2/../../../../arm-none-eabi/lib/armv6k/fpu/libg.a(lib_a-locale.o)
 .text.currentlocale
                0x0000000000118b4c       0x88 /autofs/netapp/account/cremi/rdruon/devkitpro/devkitARM/bin/../lib/gcc/arm-none-eabi/4.9.2/../../../../arm-none-eabi/lib/armv6k/fpu/libg.a(lib_a-locale.o)
 .text._setlocale_r
                0x0000000000118bd4      0x300 /autofs/netapp/account/cremi/rdruon/devkitpro/devkitARM/bin/../lib/gcc/arm-none-eabi/4.9.2/../../../../arm-none-eabi/lib/armv6k/fpu/libg.a(lib_a-locale.o)
                0x0000000000118bd4                _setlocale_r
 .text.__locale_charset
                0x0000000000118ed4        0xc /autofs/netapp/account/cremi/rdruon/devkitpro/devkitARM/bin/../lib/gcc/arm-none-eabi/4.9.2/../../../../arm-none-eabi/lib/armv6k/fpu/libg.a(lib_a-locale.o)
                0x0000000000118ed4                __locale_charset
 .text.__locale_mb_cur_max
                0x0000000000118ee0       0x10 /autofs/netapp/account/cremi/rdruon/devkitpro/devkitARM/bin/../lib/gcc/arm-none-eabi/4.9.2/../../../../arm-none-eabi/lib/armv6k/fpu/libg.a(lib_a-locale.o)
                0x0000000000118ee0                __locale_mb_cur_max
 .text.__locale_msgcharset
                0x0000000000118ef0        0xc /autofs/netapp/account/cremi/rdruon/devkitpro/devkitARM/bin/../lib/gcc/arm-none-eabi/4.9.2/../../../../arm-none-eabi/lib/armv6k/fpu/libg.a(lib_a-locale.o)
                0x0000000000118ef0                __locale_msgcharset
 .text.__locale_cjk_lang
                0x0000000000118efc       0x10 /autofs/netapp/account/cremi/rdruon/devkitpro/devkitARM/bin/../lib/gcc/arm-none-eabi/4.9.2/../../../../arm-none-eabi/lib/armv6k/fpu/libg.a(lib_a-locale.o)
                0x0000000000118efc                __locale_cjk_lang
 .text._localeconv_r
                0x0000000000118f0c        0xc /autofs/netapp/account/cremi/rdruon/devkitpro/devkitARM/bin/../lib/gcc/arm-none-eabi/4.9.2/../../../../arm-none-eabi/lib/armv6k/fpu/libg.a(lib_a-locale.o)
                0x0000000000118f0c                _localeconv_r
 .text.setlocale
                0x0000000000118f18       0x20 /autofs/netapp/account/cremi/rdruon/devkitpro/devkitARM/bin/../lib/gcc/arm-none-eabi/4.9.2/../../../../arm-none-eabi/lib/armv6k/fpu/libg.a(lib_a-locale.o)
                0x0000000000118f18                setlocale
 .text.localeconv
                0x0000000000118f38       0x14 /autofs/netapp/account/cremi/rdruon/devkitpro/devkitARM/bin/../lib/gcc/arm-none-eabi/4.9.2/../../../../arm-none-eabi/lib/armv6k/fpu/libg.a(lib_a-locale.o)
                0x0000000000118f38                localeconv
 .text.__utf8_mbtowc
                0x0000000000118f4c      0x2fc /autofs/netapp/account/cremi/rdruon/devkitpro/devkitARM/bin/../lib/gcc/arm-none-eabi/4.9.2/../../../../arm-none-eabi/lib/armv6k/fpu/libg.a(lib_a-mbtowc_r.o)
                0x0000000000118f4c                __utf8_mbtowc
 .text._mbtowc_r
                0x0000000000119248       0x4c /autofs/netapp/account/cremi/rdruon/devkitpro/devkitARM/bin/../lib/gcc/arm-none-eabi/4.9.2/../../../../arm-none-eabi/lib/armv6k/fpu/libg.a(lib_a-mbtowc_r.o)
                0x0000000000119248                _mbtowc_r
 .text.__ascii_mbtowc
                0x0000000000119294       0x4c /autofs/netapp/account/cremi/rdruon/devkitpro/devkitARM/bin/../lib/gcc/arm-none-eabi/4.9.2/../../../../arm-none-eabi/lib/armv6k/fpu/libg.a(lib_a-mbtowc_r.o)
                0x0000000000119294                __ascii_mbtowc
 .text.__sjis_mbtowc
                0x00000000001192e0       0xd4 /autofs/netapp/account/cremi/rdruon/devkitpro/devkitARM/bin/../lib/gcc/arm-none-eabi/4.9.2/../../../../arm-none-eabi/lib/armv6k/fpu/libg.a(lib_a-mbtowc_r.o)
                0x00000000001192e0                __sjis_mbtowc
 .text.__eucjp_mbtowc
                0x00000000001193b4      0x140 /autofs/netapp/account/cremi/rdruon/devkitpro/devkitARM/bin/../lib/gcc/arm-none-eabi/4.9.2/../../../../arm-none-eabi/lib/armv6k/fpu/libg.a(lib_a-mbtowc_r.o)
                0x00000000001193b4                __eucjp_mbtowc
 .text.__jis_mbtowc
                0x00000000001194f4      0x1a8 /autofs/netapp/account/cremi/rdruon/devkitpro/devkitARM/bin/../lib/gcc/arm-none-eabi/4.9.2/../../../../arm-none-eabi/lib/armv6k/fpu/libg.a(lib_a-mbtowc_r.o)
                0x00000000001194f4                __jis_mbtowc
 .text.memchr   0x000000000011969c      0x120 /autofs/netapp/account/cremi/rdruon/devkitpro/devkitARM/bin/../lib/gcc/arm-none-eabi/4.9.2/../../../../arm-none-eabi/lib/armv6k/fpu/libg.a(lib_a-memchr.o)
                0x000000000011969c                memchr
 .text.memmove  0x00000000001197bc      0x12c /autofs/netapp/account/cremi/rdruon/devkitpro/devkitARM/bin/../lib/gcc/arm-none-eabi/4.9.2/../../../../arm-none-eabi/lib/armv6k/fpu/libg.a(lib_a-memmove.o)
                0x00000000001197bc                memmove
 .text._Balloc  0x00000000001198e8       0x8c /autofs/netapp/account/cremi/rdruon/devkitpro/devkitARM/bin/../lib/gcc/arm-none-eabi/4.9.2/../../../../arm-none-eabi/lib/armv6k/fpu/libg.a(lib_a-mprec.o)
                0x00000000001198e8                _Balloc
 .text._Bfree   0x0000000000119974       0x1c /autofs/netapp/account/cremi/rdruon/devkitpro/devkitARM/bin/../lib/gcc/arm-none-eabi/4.9.2/../../../../arm-none-eabi/lib/armv6k/fpu/libg.a(lib_a-mprec.o)
                0x0000000000119974                _Bfree
 .text.__multadd
                0x0000000000119990       0xd0 /autofs/netapp/account/cremi/rdruon/devkitpro/devkitARM/bin/../lib/gcc/arm-none-eabi/4.9.2/../../../../arm-none-eabi/lib/armv6k/fpu/libg.a(lib_a-mprec.o)
                0x0000000000119990                __multadd
 .text.__s2b    0x0000000000119a60       0xe4 /autofs/netapp/account/cremi/rdruon/devkitpro/devkitARM/bin/../lib/gcc/arm-none-eabi/4.9.2/../../../../arm-none-eabi/lib/armv6k/fpu/libg.a(lib_a-mprec.o)
                0x0000000000119a60                __s2b
 .text.__hi0bits
                0x0000000000119b44       0x5c /autofs/netapp/account/cremi/rdruon/devkitpro/devkitARM/bin/../lib/gcc/arm-none-eabi/4.9.2/../../../../arm-none-eabi/lib/armv6k/fpu/libg.a(lib_a-mprec.o)
                0x0000000000119b44                __hi0bits
 .text.__lo0bits
                0x0000000000119ba0       0x98 /autofs/netapp/account/cremi/rdruon/devkitpro/devkitARM/bin/../lib/gcc/arm-none-eabi/4.9.2/../../../../arm-none-eabi/lib/armv6k/fpu/libg.a(lib_a-mprec.o)
                0x0000000000119ba0                __lo0bits
 .text.__i2b    0x0000000000119c38       0x20 /autofs/netapp/account/cremi/rdruon/devkitpro/devkitARM/bin/../lib/gcc/arm-none-eabi/4.9.2/../../../../arm-none-eabi/lib/armv6k/fpu/libg.a(lib_a-mprec.o)
                0x0000000000119c38                __i2b
 .text.__multiply
                0x0000000000119c58      0x1dc /autofs/netapp/account/cremi/rdruon/devkitpro/devkitARM/bin/../lib/gcc/arm-none-eabi/4.9.2/../../../../arm-none-eabi/lib/armv6k/fpu/libg.a(lib_a-mprec.o)
                0x0000000000119c58                __multiply
 .text.__pow5mult
                0x0000000000119e34      0x100 /autofs/netapp/account/cremi/rdruon/devkitpro/devkitARM/bin/../lib/gcc/arm-none-eabi/4.9.2/../../../../arm-none-eabi/lib/armv6k/fpu/libg.a(lib_a-mprec.o)
                0x0000000000119e34                __pow5mult
 .text.__lshift
                0x0000000000119f34       0xf4 /autofs/netapp/account/cremi/rdruon/devkitpro/devkitARM/bin/../lib/gcc/arm-none-eabi/4.9.2/../../../../arm-none-eabi/lib/armv6k/fpu/libg.a(lib_a-mprec.o)
                0x0000000000119f34                __lshift
 .text.__mcmp   0x000000000011a028       0x64 /autofs/netapp/account/cremi/rdruon/devkitpro/devkitARM/bin/../lib/gcc/arm-none-eabi/4.9.2/../../../../arm-none-eabi/lib/armv6k/fpu/libg.a(lib_a-mprec.o)
                0x000000000011a028                __mcmp
 .text.__mdiff  0x000000000011a08c      0x13c /autofs/netapp/account/cremi/rdruon/devkitpro/devkitARM/bin/../lib/gcc/arm-none-eabi/4.9.2/../../../../arm-none-eabi/lib/armv6k/fpu/libg.a(lib_a-mprec.o)
                0x000000000011a08c                __mdiff
 .text.__ulp    0x000000000011a1c8       0x74 /autofs/netapp/account/cremi/rdruon/devkitpro/devkitARM/bin/../lib/gcc/arm-none-eabi/4.9.2/../../../../arm-none-eabi/lib/armv6k/fpu/libg.a(lib_a-mprec.o)
                0x000000000011a1c8                __ulp
 .text.__b2d    0x000000000011a23c       0xe4 /autofs/netapp/account/cremi/rdruon/devkitpro/devkitARM/bin/../lib/gcc/arm-none-eabi/4.9.2/../../../../arm-none-eabi/lib/armv6k/fpu/libg.a(lib_a-mprec.o)
                0x000000000011a23c                __b2d
 .text.__d2b    0x000000000011a320      0x104 /autofs/netapp/account/cremi/rdruon/devkitpro/devkitARM/bin/../lib/gcc/arm-none-eabi/4.9.2/../../../../arm-none-eabi/lib/armv6k/fpu/libg.a(lib_a-mprec.o)
                0x000000000011a320                __d2b
 .text.__ratio  0x000000000011a424       0x7c /autofs/netapp/account/cremi/rdruon/devkitpro/devkitARM/bin/../lib/gcc/arm-none-eabi/4.9.2/../../../../arm-none-eabi/lib/armv6k/fpu/libg.a(lib_a-mprec.o)
                0x000000000011a424                __ratio
 .text._mprec_log10
                0x000000000011a4a0       0x48 /autofs/netapp/account/cremi/rdruon/devkitpro/devkitARM/bin/../lib/gcc/arm-none-eabi/4.9.2/../../../../arm-none-eabi/lib/armv6k/fpu/libg.a(lib_a-mprec.o)
                0x000000000011a4a0                _mprec_log10
 .text.__copybits
                0x000000000011a4e8       0x6c /autofs/netapp/account/cremi/rdruon/devkitpro/devkitARM/bin/../lib/gcc/arm-none-eabi/4.9.2/../../../../arm-none-eabi/lib/armv6k/fpu/libg.a(lib_a-mprec.o)
                0x000000000011a4e8                __copybits
 .text.__any_on
                0x000000000011a554       0x80 /autofs/netapp/account/cremi/rdruon/devkitpro/devkitARM/bin/../lib/gcc/arm-none-eabi/4.9.2/../../../../arm-none-eabi/lib/armv6k/fpu/libg.a(lib_a-mprec.o)
                0x000000000011a554                __any_on
 .text.__fpclassifyd
                0x000000000011a5d4       0x74 /autofs/netapp/account/cremi/rdruon/devkitpro/devkitARM/bin/../lib/gcc/arm-none-eabi/4.9.2/../../../../arm-none-eabi/lib/armv6k/fpu/libg.a(lib_a-s_fpclassify.o)
                0x000000000011a5d4                __fpclassifyd
 .text.frexp    0x000000000011a648       0x98 /autofs/netapp/account/cremi/rdruon/devkitpro/devkitARM/bin/../lib/gcc/arm-none-eabi/4.9.2/../../../../arm-none-eabi/lib/armv6k/fpu/libg.a(lib_a-s_frexp.o)
                0x000000000011a648                frexp
 .text.strcasecmp
                0x000000000011a6e0       0x68 /autofs/netapp/account/cremi/rdruon/devkitpro/devkitARM/bin/../lib/gcc/arm-none-eabi/4.9.2/../../../../arm-none-eabi/lib/armv6k/fpu/libg.a(lib_a-strcasecmp.o)
                0x000000000011a6e0                strcasecmp
 .text.strcat   0x000000000011a748       0x80 /autofs/netapp/account/cremi/rdruon/devkitpro/devkitARM/bin/../lib/gcc/arm-none-eabi/4.9.2/../../../../arm-none-eabi/lib/armv6k/fpu/libg.a(lib_a-strcat.o)
                0x000000000011a748                strcat
 .text.strchr   0x000000000011a7c8      0x16c /autofs/netapp/account/cremi/rdruon/devkitpro/devkitARM/bin/../lib/gcc/arm-none-eabi/4.9.2/../../../../arm-none-eabi/lib/armv6k/fpu/libg.a(lib_a-strchr.o)
                0x000000000011a7c8                strchr
 .text.strlcpy  0x000000000011a934       0x48 /autofs/netapp/account/cremi/rdruon/devkitpro/devkitARM/bin/../lib/gcc/arm-none-eabi/4.9.2/../../../../arm-none-eabi/lib/armv6k/fpu/libg.a(lib_a-strlcpy.o)
                0x000000000011a934                strlcpy
 .text.strncasecmp
                0x000000000011a97c       0x8c /autofs/netapp/account/cremi/rdruon/devkitpro/devkitARM/bin/../lib/gcc/arm-none-eabi/4.9.2/../../../../arm-none-eabi/lib/armv6k/fpu/libg.a(lib_a-strncasecmp.o)
                0x000000000011a97c                strncasecmp
 .text.strncmp  0x000000000011aa08      0x110 /autofs/netapp/account/cremi/rdruon/devkitpro/devkitARM/bin/../lib/gcc/arm-none-eabi/4.9.2/../../../../arm-none-eabi/lib/armv6k/fpu/libg.a(lib_a-strncmp.o)
                0x000000000011aa08                strncmp
 .text._strtol_r
                0x000000000011ab18      0x1dc /autofs/netapp/account/cremi/rdruon/devkitpro/devkitARM/bin/../lib/gcc/arm-none-eabi/4.9.2/../../../../arm-none-eabi/lib/armv6k/fpu/libg.a(lib_a-strtol.o)
                0x000000000011ab18                _strtol_r
 .text.strtol   0x000000000011acf4       0x28 /autofs/netapp/account/cremi/rdruon/devkitpro/devkitARM/bin/../lib/gcc/arm-none-eabi/4.9.2/../../../../arm-none-eabi/lib/armv6k/fpu/libg.a(lib_a-strtol.o)
                0x000000000011acf4                strtol
 .text.get_arg  0x000000000011ad1c      0x860 /autofs/netapp/account/cremi/rdruon/devkitpro/devkitARM/bin/../lib/gcc/arm-none-eabi/4.9.2/../../../../arm-none-eabi/lib/armv6k/fpu/libg.a(lib_a-svfiprintf.o)
 .text.__ssprint_r
                0x000000000011b57c      0x1a8 /autofs/netapp/account/cremi/rdruon/devkitpro/devkitARM/bin/../lib/gcc/arm-none-eabi/4.9.2/../../../../arm-none-eabi/lib/armv6k/fpu/libg.a(lib_a-svfiprintf.o)
                0x000000000011b57c                __ssprint_r
 .text._svfiprintf_r
                0x000000000011b724     0x2fdc /autofs/netapp/account/cremi/rdruon/devkitpro/devkitARM/bin/../lib/gcc/arm-none-eabi/4.9.2/../../../../arm-none-eabi/lib/armv6k/fpu/libg.a(lib_a-svfiprintf.o)
                0x000000000011b724                _svfiprintf_r
 .text._wcsnrtombs_r
                0x000000000011e700      0x184 /autofs/netapp/account/cremi/rdruon/devkitpro/devkitARM/bin/../lib/gcc/arm-none-eabi/4.9.2/../../../../arm-none-eabi/lib/armv6k/fpu/libg.a(lib_a-wcsnrtombs.o)
                0x000000000011e700                _wcsnrtombs_r
 .text.wcsnrtombs
                0x000000000011e884       0x40 /autofs/netapp/account/cremi/rdruon/devkitpro/devkitARM/bin/../lib/gcc/arm-none-eabi/4.9.2/../../../../arm-none-eabi/lib/armv6k/fpu/libg.a(lib_a-wcsnrtombs.o)
                0x000000000011e884                wcsnrtombs
 .text.__swsetup_r
                0x000000000011e8c4      0x14c /autofs/netapp/account/cremi/rdruon/devkitpro/devkitARM/bin/../lib/gcc/arm-none-eabi/4.9.2/../../../../arm-none-eabi/lib/armv6k/fpu/libg.a(lib_a-wsetup.o)
                0x000000000011e8c4                __swsetup_r
 .text.__set_ctype
                0x000000000011ea10       0x18 /autofs/netapp/account/cremi/rdruon/devkitpro/devkitARM/bin/../lib/gcc/arm-none-eabi/4.9.2/../../../../arm-none-eabi/lib/armv6k/fpu/libg.a(lib_a-ctype_.o)
                0x000000000011ea10                __set_ctype
 .text._findenv_r